Component: ARM Compiler 5.06 update 6 (build 750) Tool: armlink [4d35ed]

==============================================================================

Section Cross References

    oled.o(i.OLED_Clear) refers to oled.o(i.OLED_WR_CMD) for OLED_WR_CMD
    oled.o(i.OLED_Clear) refers to oled.o(i.OLED_WR_DATA) for OLED_WR_DATA
    oled.o(i.OLED_Display_Off) refers to oled.o(i.OLED_WR_CMD) for OLED_WR_CMD
    oled.o(i.OLED_Display_On) refers to oled.o(i.OLED_WR_CMD) for OLED_WR_CMD
    oled.o(i.OLED_Init) refers to stm32f1xx_hal.o(i.HAL_Delay) for HAL_Delay
    oled.o(i.OLED_Init) refers to oled.o(i.WriteCmd) for WriteCmd
    oled.o(i.OLED_On) refers to oled.o(i.OLED_WR_CMD) for OLED_WR_CMD
    oled.o(i.OLED_On) refers to oled.o(i.OLED_WR_DATA) for OLED_WR_DATA
    oled.o(i.OLED_Set_Pos) refers to oled.o(i.OLED_WR_CMD) for OLED_WR_CMD
    oled.o(i.OLED_ShowCHinese) refers to oled.o(i.OLED_Set_Pos) for OLED_Set_Pos
    oled.o(i.OLED_ShowCHinese) refers to oled.o(i.OLED_WR_DATA) for OLED_WR_DATA
    oled.o(i.OLED_ShowCHinese) refers to oled.o(.constdata) for .constdata
    oled.o(i.OLED_ShowChar) refers to oled.o(i.OLED_Set_Pos) for OLED_Set_Pos
    oled.o(i.OLED_ShowChar) refers to oled.o(i.OLED_WR_DATA) for OLED_WR_DATA
    oled.o(i.OLED_ShowChar) refers to oled.o(.constdata) for .constdata
    oled.o(i.OLED_ShowNum) refers to oled.o(i.oled_pow) for oled_pow
    oled.o(i.OLED_ShowNum) refers to oled.o(i.OLED_ShowChar) for OLED_ShowChar
    oled.o(i.OLED_ShowString) refers to oled.o(i.OLED_ShowChar) for OLED_ShowChar
    oled.o(i.OLED_WR_CMD) refers to stm32f1xx_hal_i2c.o(i.HAL_I2C_Mem_Write) for HAL_I2C_Mem_Write
    oled.o(i.OLED_WR_CMD) refers to i2c.o(.bss) for hi2c1
    oled.o(i.OLED_WR_DATA) refers to stm32f1xx_hal_i2c.o(i.HAL_I2C_Mem_Write) for HAL_I2C_Mem_Write
    oled.o(i.OLED_WR_DATA) refers to i2c.o(.bss) for hi2c1
    oled.o(i.WriteCmd) refers to stm32f1xx_hal_i2c.o(i.HAL_I2C_Mem_Write) for HAL_I2C_Mem_Write
    oled.o(i.WriteCmd) refers to oled.o(.data) for .data
    oled.o(i.WriteCmd) refers to i2c.o(.bss) for hi2c1
    dht11.o(i.Coarse_delay_us) refers to stm32f1xx_hal_rcc.o(i.HAL_RCC_GetHCLKFreq) for HAL_RCC_GetHCLKFreq
    dht11.o(i.DHT11) refers to dht11.o(i.DHT11_READ_DATA) for DHT11_READ_DATA
    dht11.o(i.DHT11) refers to printfa.o(i.__0printf) for __2printf
    dht11.o(i.DHT11) refers to stm32f1xx_hal.o(i.HAL_Delay) for HAL_Delay
    dht11.o(i.DHT11_Check) refers to dht11.o(i.Coarse_delay_us) for Coarse_delay_us
    dht11.o(i.DHT11_Check) refers to stm32f1xx_hal_gpio.o(i.HAL_GPIO_ReadPin) for HAL_GPIO_ReadPin
    dht11.o(i.DHT11_GPIO_MODE_SET) refers to stm32f1xx_hal_gpio.o(i.HAL_GPIO_Init) for HAL_GPIO_Init
    dht11.o(i.DHT11_READ_BIT) refers to stm32f1xx_hal_gpio.o(i.HAL_GPIO_ReadPin) for HAL_GPIO_ReadPin
    dht11.o(i.DHT11_READ_BIT) refers to dht11.o(i.Coarse_delay_us) for Coarse_delay_us
    dht11.o(i.DHT11_READ_BYTE) refers to dht11.o(i.DHT11_READ_BIT) for DHT11_READ_BIT
    dht11.o(i.DHT11_READ_DATA) refers to dht11.o(i.DHT11_START) for DHT11_START
    dht11.o(i.DHT11_READ_DATA) refers to dht11.o(i.DHT11_Check) for DHT11_Check
    dht11.o(i.DHT11_READ_DATA) refers to stm32f1xx_hal_gpio.o(i.HAL_GPIO_ReadPin) for HAL_GPIO_ReadPin
    dht11.o(i.DHT11_READ_DATA) refers to dht11.o(i.DHT11_READ_BYTE) for DHT11_READ_BYTE
    dht11.o(i.DHT11_READ_DATA) refers to dfltui.o(.text) for __aeabi_ui2d
    dht11.o(i.DHT11_READ_DATA) refers to dmul.o(.text) for __aeabi_dmul
    dht11.o(i.DHT11_READ_DATA) refers to dadd.o(.text) for __aeabi_dadd
    dht11.o(i.DHT11_READ_DATA) refers to printfa.o(i.__0printf) for __2printf
    dht11.o(i.DHT11_READ_DATA) refers to dht11.o(.data) for .data
    dht11.o(i.DHT11_START) refers to dht11.o(i.DHT11_GPIO_MODE_SET) for DHT11_GPIO_MODE_SET
    dht11.o(i.DHT11_START) refers to stm32f1xx_hal_gpio.o(i.HAL_GPIO_WritePin) for HAL_GPIO_WritePin
    dht11.o(i.DHT11_START) refers to stm32f1xx_hal.o(i.HAL_Delay) for HAL_Delay
    dht11.o(i.Show_temprature_humydity) refers to dadd.o(.text) for __aeabi_dsub
    dht11.o(i.Show_temprature_humydity) refers to cdrcmple.o(.text) for __aeabi_cdrcmple
    dht11.o(i.Show_temprature_humydity) refers to oled.o(i.OLED_Clear) for OLED_Clear
    dht11.o(i.Show_temprature_humydity) refers to dht11.o(i.Sprintf_temprature_humydity) for Sprintf_temprature_humydity
    dht11.o(i.Show_temprature_humydity) refers to oled.o(i.OLED_ShowCHinese) for OLED_ShowCHinese
    dht11.o(i.Show_temprature_humydity) refers to oled.o(i.OLED_ShowString) for OLED_ShowString
    dht11.o(i.Show_temprature_humydity) refers to dht11.o(.data) for .data
    dht11.o(i.Sprintf_temprature_humydity) refers to printfa.o(i.__0sprintf) for __2sprintf
    dht11.o(i.Sprintf_temprature_humydity) refers to dht11.o(.data) for .data
    dht11.o(i.set_humiture) refers to oled.o(i.OLED_ShowNum) for OLED_ShowNum
    dht11.o(i.set_humiture) refers to oled.o(i.OLED_ShowCHinese) for OLED_ShowCHinese
[...]
    Removing stm32f1xx_hal_tim_ex.o(i.HAL_TIMEx_HallSensor_Stop_IT), (68 bytes).
    Removing stm32f1xx_hal_tim_ex.o(i.HAL_TIMEx_OCN_Start), (156 bytes).
    Removing stm32f1xx_hal_tim_ex.o(i.HAL_TIMEx_OCN_Start_DMA), (356 bytes).
    Removing stm32f1xx_hal_tim_ex.o(i.HAL_TIMEx_OCN_Start_IT), (208 bytes).
    Removing stm32f1xx_hal_tim_ex.o(i.HAL_TIMEx_OCN_Stop), (104 bytes).
    Removing stm32f1xx_hal_tim_ex.o(i.HAL_TIMEx_OCN_Stop_DMA), (158 bytes).
    Removing stm32f1xx_hal_tim_ex.o(i.HAL_TIMEx_OCN_Stop_IT), (160 bytes).
    Removing stm32f1xx_hal_tim_ex.o(i.HAL_TIMEx_OnePulseN_Start), (100 bytes).
    Removing stm32f1xx_hal_tim_ex.o(i.HAL_TIMEx_OnePulseN_Start_IT), (120 bytes).
    Removing stm32f1xx_hal_tim_ex.o(i.HAL_TIMEx_OnePulseN_Stop), (98 bytes).
    Removing stm32f1xx_hal_tim_ex.o(i.HAL_TIMEx_OnePulseN_Stop_IT), (120 bytes).
    Removing stm32f1xx_hal_tim_ex.o(i.HAL_TIMEx_PWMN_Start), (156 bytes).
    Removing stm32f1xx_hal_tim_ex.o(i.HAL_TIMEx_PWMN_Start_DMA), (356 bytes).
    Removing stm32f1xx_hal_tim_ex.o(i.HAL_TIMEx_PWMN_Start_IT), (208 bytes).
    Removing stm32f1xx_hal_tim_ex.o(i.HAL_TIMEx_PWMN_Stop), (104 bytes).
    Removing stm32f1xx_hal_tim_ex.o(i.HAL_TIMEx_PWMN_Stop_DMA), (158 bytes).
    Removing stm32f1xx_hal_tim_ex.o(i.HAL_TIMEx_PWMN_Stop_IT), (160 bytes).
    Removing stm32f1xx_hal_tim_ex.o(i.HAL_TIMEx_RemapConfig), (4 bytes).
    Removing stm32f1xx_hal_tim_ex.o(i.TIMEx_DMACommutationCplt), (16 bytes).
    Removing stm32f1xx_hal_tim_ex.o(i.TIMEx_DMACommutationHalfCplt), (16 bytes).
    Removing stm32f1xx_hal_tim_ex.o(i.TIM_CCxNChannelCmd), (26 bytes).
    Removing stm32f1xx_hal_tim_ex.o(i.TIM_DMADelayPulseNCplt), (94 bytes).
    Removing stm32f1xx_hal_tim_ex.o(i.TIM_DMAErrorCCxN), (62 bytes).
    Removing stm32f1xx_hal_uart.o(.rev16_text), (4 bytes).
    Removing stm32f1xx_hal_uart.o(.revsh_text), (4 bytes).
    Removing stm32f1xx_hal_uart.o(.rrx_text), (6 bytes).
    Removing stm32f1xx_hal_uart.o(i.HAL_HalfDuplex_EnableReceiver), (50 bytes).
    Removing stm32f1xx_hal_uart.o(i.HAL_HalfDuplex_EnableTransmitter), (50 bytes).
    Removing stm32f1xx_hal_uart.o(i.HAL_HalfDuplex_Init), (108 bytes).
    Removing stm32f1xx_hal_uart.o(i.HAL_LIN_Init), (128 bytes).
    Removing stm32f1xx_hal_uart.o(i.HAL_LIN_SendBreak), (46 bytes).
    Removing stm32f1xx_hal_uart.o(i.HAL_MultiProcessor_EnterMuteMode), (46 bytes).
    Removing stm32f1xx_hal_uart.o(i.HAL_MultiProcessor_ExitMuteMode), (46 bytes).
    Removing stm32f1xx_hal_uart.o(i.HAL_MultiProcessor_Init), (142 bytes).
    Removing stm32f1xx_hal_uart.o(i.HAL_UARTEx_ReceiveToIdle), (248 bytes).
    Removing stm32f1xx_hal_uart.o(i.HAL_UARTEx_ReceiveToIdle_DMA), (74 bytes).
    Removing stm32f1xx_hal_uart.o(i.HAL_UARTEx_ReceiveToIdle_IT), (74 bytes).
    Removing stm32f1xx_hal_uart.o(i.HAL_UARTEx_RxEventCallback), (2 bytes).
    Removing stm32f1xx_hal_uart.o(i.HAL_UART_Abort), (156 bytes).
    Removing stm32f1xx_hal_uart.o(i.HAL_UART_AbortCpltCallback), (2 bytes).
    Removing stm32f1xx_hal_uart.o(i.HAL_UART_AbortReceive), (106 bytes).
    Removing stm32f1xx_hal_uart.o(i.HAL_UART_AbortReceiveCpltCallback), (2 bytes).
    Removing stm32f1xx_hal_uart.o(i.HAL_UART_AbortReceive_IT), (112 bytes).
    Removing stm32f1xx_hal_uart.o(i.HAL_UART_AbortTransmit), (78 bytes).
    Removing stm32f1xx_hal_uart.o(i.HAL_UART_AbortTransmitCpltCallback), (2 bytes).
    Removing stm32f1xx_hal_uart.o(i.HAL_UART_AbortTransmit_IT), (84 bytes).
    Removing stm32f1xx_hal_uart.o(i.HAL_UART_Abort_IT), (188 bytes).
    Removing stm32f1xx_hal_uart.o(i.HAL_UART_DMAPause), (102 bytes).
    Removing stm32f1xx_hal_uart.o(i.HAL_UART_DMAResume), (94 bytes).
    Removing stm32f1xx_hal_uart.o(i.HAL_UART_DMAStop), (88 bytes).
    Removing stm32f1xx_hal_uart.o(i.HAL_UART_DeInit), (52 bytes).
    Removing stm32f1xx_hal_uart.o(i.HAL_UART_ErrorCallback), (2 bytes).
    Removing stm32f1xx_hal_uart.o(i.HAL_UART_GetError), (4 bytes).
    Removing stm32f1xx_hal_uart.o(i.HAL_UART_GetState), (10 bytes).
    Removing stm32f1xx_hal_uart.o(i.HAL_UART_IRQHandler), (524 bytes).
    Removing stm32f1xx_hal_uart.o(i.HAL_UART_MspDeInit), (2 bytes).
    Removing stm32f1xx_hal_uart.o(i.HAL_UART_MspInit), (2 bytes).
    Removing stm32f1xx_hal_uart.o(i.HAL_UART_Receive), (196 bytes).
    Removing stm32f1xx_hal_uart.o(i.HAL_UART_Receive_DMA), (42 bytes).
    Removing stm32f1xx_hal_uart.o(i.HAL_UART_Receive_IT), (42 bytes).
    Removing stm32f1xx_hal_uart.o(i.HAL_UART_RxCpltCallback), (2 bytes).
    Removing stm32f1xx_hal_uart.o(i.HAL_UART_RxHalfCpltCallback), (2 bytes).
    Removing stm32f1xx_hal_uart.o(i.HAL_UART_Transmit_DMA), (128 bytes).
    Removing stm32f1xx_hal_uart.o(i.HAL_UART_Transmit_IT), (62 bytes).
    Removing stm32f1xx_hal_uart.o(i.HAL_UART_TxCpltCallback), (2 bytes).
    Removing stm32f1xx_hal_uart.o(i.HAL_UART_TxHalfCpltCallback), (2 bytes).
    Removing stm32f1xx_hal_uart.o(i.UART_DMAAbortOnError), (16 bytes).
    Removing stm32f1xx_hal_uart.o(i.UART_DMAError), (74 bytes).
    Removing stm32f1xx_hal_uart.o(i.UART_DMAReceiveCplt), (90 bytes).
    Removing stm32f1xx_hal_uart.o(i.UART_DMARxAbortCallback), (44 bytes).
    Removing stm32f1xx_hal_uart.o(i.UART_DMARxHalfCplt), (26 bytes).
    Removing stm32f1xx_hal_uart.o(i.UART_DMARxOnlyAbortCallback), (22 bytes).
    Removing stm32f1xx_hal_uart.o(i.UART_DMATransmitCplt), (46 bytes).
    Removing stm32f1xx_hal_uart.o(i.UART_DMATxAbortCallback), (44 bytes).
    Removing stm32f1xx_hal_uart.o(i.UART_DMATxHalfCplt), (10 bytes).
    Removing stm32f1xx_hal_uart.o(i.UART_DMATxOnlyAbortCallback), (20 bytes).
    Removing stm32f1xx_hal_uart.o(i.UART_EndRxTransfer), (48 bytes).
    Removing stm32f1xx_hal_uart.o(i.UART_EndTxTransfer), (18 bytes).
    Removing stm32f1xx_hal_uart.o(i.UART_Receive_IT), (182 bytes).
    Removing stm32f1xx_hal_uart.o(i.UART_Start_Receive_DMA), (116 bytes).
    Removing stm32f1xx_hal_uart.o(i.UART_Start_Receive_IT), (54 bytes).
    Removing startup_stm32f103xb.o(HEAP), (512 bytes).
    Removing system_stm32f1xx.o(.rev16_text), (4 bytes).
    Removing system_stm32f1xx.o(.revsh_text), (4 bytes).
    Removing system_stm32f1xx.o(.rrx_text), (6 bytes).
    Removing system_stm32f1xx.o(i.SystemCoreClockUpdate), (104 bytes).

470 unused section(s) (total 38682 bytes) removed from the image.

==============================================================================

Image Symbol Table

    Local Symbols

    Symbol Name                              Value     Ov Type        Size  Object(Section)

    ../Core/Src/gpio.c                       0x00000000   Number         0  gpio.o ABSOLUTE
    ../Core/Src/i2c.c                        0x00000000   Number         0  i2c.o ABSOLUTE
    ../Core/Src/main.c                       0x00000000   Number         0  main.o ABSOLUTE
    ../Core/Src/stm32f1xx_hal_msp.c          0x00000000   Number         0  stm32f1xx_hal_msp.o ABSOLUTE
    ../Core/Src/stm32f1xx_it.c               0x00000000   Number         0  stm32f1xx_it.o ABSOLUTE
    ../Core/Src/system_stm32f1xx.c           0x00000000   Number         0  system_stm32f1xx.o ABSOLUTE
    ../Core/Src/tim.c                        0x00000000   Number         0  tim.o ABSOLUTE
    ../Core/Src/usart.c                      0x00000000   Number         0  usart.o ABSOLUTE
    ../Drivers/STM32F1xx_HAL_Driver/Src/stm32f1xx_hal.c 0x00000000   Number         0  stm32f1xx_hal.o ABSOLUTE
    ../Drivers/STM32F1xx_HAL_Driver/Src/stm32f1xx_hal_cortex.c 0x00000000   Number         0  stm32f1xx_hal_cortex.o ABSOLUTE
    ../Drivers/STM32F1xx_HAL_Driver/Src/stm32f1xx_hal_dma.c 0x00000000   Number         0  stm32f1xx_hal_dma.o ABSOLUTE
    ../Drivers/STM32F1xx_HAL_Driver/Src/stm32f1xx_hal_exti.c 0x00000000   Number         0  stm32f1xx_hal_exti.o ABSOLUTE
    ../Drivers/STM32F1xx_HAL_Driver/Src/stm32f1xx_hal_flash.c 0x00000000   Number         0  stm32f1xx_hal_flash.o ABSOLUTE
    ../Drivers/STM32F1xx_HAL_Driver/Src/stm32f1xx_hal_flash_ex.c 0x00000000   Number         0  stm32f1xx_hal_flash_ex.o ABSOLUTE
    ../Drivers/STM32F1xx_HAL_Driver/Src/stm32f1xx_hal_gpio.c 0x00000000   Number         0  stm32f1xx_hal_gpio.o ABSOLUTE
    ../Drivers/STM32F1xx_HAL_Driver/Src/stm32f1xx_hal_gpio_ex.c 0x00000000   Number         0  stm32f1xx_hal_gpio_ex.o ABSOLUTE
    ../Drivers/STM32F1xx_HAL_Driver/Src/stm32f1xx_hal_i2c.c 0x00000000   Number         0  stm32f1xx_hal_i2c.o ABSOLUTE
    ../Drivers/STM32F1xx_HAL_Driver/Src/stm32f1xx_hal_pwr.c 0x00000000   Number         0  stm32f1xx_hal_pwr.o ABSOLUTE
    ../Drivers/STM32F1xx_HAL_Driver/Src/stm32f1xx_hal_rcc.c 0x00000000   Number         0  stm32f1xx_hal_rcc.o ABSOLUTE
    ../Drivers/STM32F1xx_HAL_Driver/Src/stm32f1xx_hal_rcc_ex.c 0x00000000   Number         0  stm32f1xx_hal_rcc_ex.o ABSOLUTE
    ../Drivers/STM32F1xx_HAL_Driver/Src/stm32f1xx_hal_tim.c 0x00000000   Number         0  stm32f1xx_hal_tim.o ABSOLUTE
    ../Drivers/STM32F1xx_HAL_Driver/Src/stm32f1xx_hal_tim_ex.c 0x00000000   Number         0  stm32f1xx_hal_tim_ex.o ABSOLUTE
    ../Drivers/STM32F1xx_HAL_Driver/Src/stm32f1xx_hal_uart.c 0x00000000   Number         0  stm32f1xx_hal_uart.o ABSOLUTE
    ../clib/microlib/division.c              0x00000000   Number         0  uidiv.o ABSOLUTE
    ../clib/microlib/division.c              0x00000000   Number         0  uldiv.o ABSOLUTE
    ../clib/microlib/init/entry.s            0x00000000   Number         0  entry10b.o ABSOLUTE
    ../clib/microlib/init/entry.s            0x00000000   Number         0  entry5.o ABSOLUTE
    ../clib/microlib/init/entry.s            0x00000000   Number         0  entry2.o ABSOLUTE
    ../clib/microlib/init/entry.s            0x00000000   Number         0  entry11a.o ABSOLUTE
    ../clib/microlib/init/entry.s            0x00000000   Number         0  entry11b.o ABSOLUTE
    ../clib/microlib/init/entry.s            0x00000000   Number         0  entry7b.o ABSOLUTE
    ../clib/microlib/init/entry.s            0x00000000   Number         0  entry8b.o ABSOLUTE
    ../clib/microlib/init/entry.s            0x00000000   Number         0  entry8a.o ABSOLUTE
    ../clib/microlib/init/entry.s            0x00000000   Number         0  entry.o ABSOLUTE
    ../clib/microlib/init/entry.s            0x00000000   Number         0  entry7a.o ABSOLUTE
    ../clib/microlib/init/entry.s            0x00000000   Number         0  entry10a.o ABSOLUTE
    ../clib/microlib/init/entry.s            0x00000000   Number         0  entry9b.o ABSOLUTE
    ../clib/microlib/init/entry.s            0x00000000   Number         0  entry9a.o ABSOLUTE
    ../clib/microlib/longlong.c              0x00000000   Number         0  llushr.o ABSOLUTE
    ../clib/microlib/longlong.c              0x00000000   Number         0  llshl.o ABSOLUTE
    ../clib/microlib/longlong.c              0x00000000   Number         0  llsshr.o ABSOLUTE
    ../clib/microlib/printf/printf.c         0x00000000   Number         0  printfa.o ABSOLUTE
    ../clib/microlib/printf/printf.c         0x00000000   Number         0  printf7.o ABSOLUTE
    ../clib/microlib/printf/printf.c         0x00000000   Number         0  printf1.o ABSOLUTE
    ../clib/microlib/printf/printf.c         0x00000000   Number         0  printf0.o ABSOLUTE
    ../clib/microlib/printf/printf.c         0x00000000   Number         0  printf8.o ABSOLUTE
    ../clib/microlib/printf/printf.c         0x00000000   Number         0  printf5.o ABSOLUTE
    ../clib/microlib/printf/printf.c         0x00000000   Number         0  printf4.o ABSOLUTE
    ../clib/microlib/printf/printf.c         0x00000000   Number         0  printfb.o ABSOLUTE
    ../clib/microlib/printf/printf.c         0x00000000   Number         0  printf3.o ABSOLUTE
    ../clib/microlib/printf/printf.c         0x00000000   Number         0  printf6.o ABSOLUTE
    ../clib/microlib/printf/printf.c         0x00000000   Number         0  printf2.o ABSOLUTE
    ../clib/microlib/printf/stubs.s          0x00000000   Number         0  stubs.o ABSOLUTE
    ../clib/microlib/stdio/streams.c         0x00000000   Number         0  stdout.o ABSOLUTE
    ../clib/microlib/string/memset.c         0x00000000   Number         0  memseta.o ABSOLUTE
    ../clib/microlib/stubs.s                 0x00000000   Number         0  iusefp.o ABSOLUTE
    ../fplib/microlib/fpadd.c                0x00000000   Number         0  dadd.o ABSOLUTE
    ../fplib/microlib/fpdiv.c                0x00000000   Number         0  ddiv.o ABSOLUTE
    ../fplib/microlib/fpepilogue.c           0x00000000   Number         0  depilogue.o ABSOLUTE
    ../fplib/microlib/fpfix.c                0x00000000   Number         0  dfixul.o ABSOLUTE
    ../fplib/microlib/fpflt.c                0x00000000   Number         0  dfltui.o ABSOLUTE
    ../fplib/microlib/fpmul.c                0x00000000   Number         0  dmul.o ABSOLUTE
    ..\Core\Src\dht11.c                      0x00000000   Number         0  dht11.o ABSOLUTE
    ..\Core\Src\ds1302.c                     0x00000000   Number         0  ds1302.o ABSOLUTE
    ..\Core\Src\gpio.c                       0x00000000   Number         0  gpio.o ABSOLUTE
    ..\Core\Src\i2c.c                        0x00000000   Number         0  i2c.o ABSOLUTE
    ..\Core\Src\key.c                        0x00000000   Number         0  key.o ABSOLUTE
    ..\Core\Src\main.c                       0x00000000   Number         0  main.o ABSOLUTE
    ..\Core\Src\oled.c                       0x00000000   Number         0  oled.o ABSOLUTE
    ..\Core\Src\stm32f1xx_hal_msp.c          0x00000000   Number         0  stm32f1xx_hal_msp.o ABSOLUTE
    ..\Core\Src\stm32f1xx_it.c               0x00000000   Number         0  stm32f1xx_it.o ABSOLUTE
    ..\Core\Src\stmflash.c                   0x00000000   Number         0  stmflash.o ABSOLUTE
    ..\Core\Src\system_stm32f1xx.c           0x00000000   Number         0  system_stm32f1xx.o ABSOLUTE
    ..\Core\Src\tim.c                        0x00000000   Number         0  tim.o ABSOLUTE
    ..\Core\Src\treatment_tim.c              0x00000000   Number         0  treatment_tim.o ABSOLUTE
    ..\Core\Src\usart.c                      0x00000000   Number         0  usart.o ABSOLUTE
    ..\Drivers\STM32F1xx_HAL_Driver\Src\stm32f1xx_hal.c 0x00000000   Number         0  stm32f1xx_hal.o ABSOLUTE
    ..\Drivers\STM32F1xx_HAL_Driver\Src\stm32f1xx_hal_cortex.c 0x00000000   Number         0  stm32f1xx_hal_cortex.o ABSOLUTE
    ..\Drivers\STM32F1xx_HAL_Driver\Src\stm32f1xx_hal_dma.c 0x00000000   Number         0  stm32f1xx_hal_dma.o ABSOLUTE
    ..\Drivers\STM32F1xx_HAL_Driver\Src\stm32f1xx_hal_exti.c 0x00000000   Number         0  stm32f1xx_hal_exti.o ABSOLUTE
    ..\Drivers\STM32F1xx_HAL_Driver\Src\stm32f1xx_hal_flash.c 0x00000000   Number         0  stm32f1xx_hal_flash.o ABSOLUTE
    ..\Drivers\STM32F1xx_HAL_Driver\Src\stm32f1xx_hal_flash_ex.c 0x00000000   Number         0  stm32f1xx_hal_flash_ex.o ABSOLUTE
    ..\Drivers\STM32F1xx_HAL_Driver\Src\stm32f1xx_hal_gpio.c 0x00000000   Number         0  stm32f1xx_hal_gpio.o ABSOLUTE
    ..\Drivers\STM32F1xx_HAL_Driver\Src\stm32f1xx_hal_gpio_ex.c 0x00000000   Number         0  stm32f1xx_hal_gpio_ex.o ABSOLUTE
    ..\Drivers\STM32F1xx_HAL_Driver\Src\stm32f1xx_hal_i2c.c 0x00000000   Number         0  stm32f1xx_hal_i2c.o ABSOLUTE
    ..\Drivers\STM32F1xx_HAL_Driver\Src\stm32f1xx_hal_pwr.c 0x00000000   Number         0  stm32f1xx_hal_pwr.o ABSOLUTE
    ..\Drivers\STM32F1xx_HAL_Driver\Src\stm32f1xx_hal_rcc.c 0x00000000   Number         0  stm32f1xx_hal_rcc.o ABSOLUTE
    ..\Drivers\STM32F1xx_HAL_Driver\Src\stm32f1xx_hal_rcc_ex.c 0x00000000   Number         0  stm32f1xx_hal_rcc_ex.o ABSOLUTE
    ..\Drivers\STM32F1xx_HAL_Driver\Src\stm32f1xx_hal_tim.c 0x00000000   Number         0  stm32f1xx_hal_tim.o ABSOLUTE
    ..\Drivers\STM32F1xx_HAL_Driver\Src\stm32f1xx_hal_tim_ex.c 0x00000000   Number         0  stm32f1xx_hal_tim_ex.o ABSOLUTE
    ..\Drivers\STM32F1xx_HAL_Driver\Src\stm32f1xx_hal_uart.c 0x00000000   Number         0  stm32f1xx_hal_uart.o ABSOLUTE
    ..\\Core\\Src\\dht11.c                   0x00000000   Number         0  dht11.o ABSOLUTE
    ..\\Core\\Src\\ds1302.c                  0x00000000   Number         0  ds1302.o ABSOLUTE
    ..\\Core\\Src\\key.c                     0x00000000   Number         0  key.o ABSOLUTE
    ..\\Core\\Src\\oled.c                    0x00000000   Number         0  oled.o ABSOLUTE
    ..\\Core\\Src\\stmflash.c                0x00000000   Number         0  stmflash.o ABSOLUTE
    ..\\Core\\Src\\treatment_tim.c           0x00000000   Number         0  treatment_tim.o ABSOLUTE
    cdcmple.s                                0x00000000   Number         0  cdcmple.o ABSOLUTE
    cdrcmple.s                               0x00000000   Number         0  cdrcmple.o ABSOLUTE
    dc.s                                     0x00000000   Number         0  dc.o ABSOLUTE
    handlers.s                               0x00000000   Number         0  handlers.o ABSOLUTE
    init.s                                   0x00000000   Number         0  init.o ABSOLUTE
    startup_stm32f103xb.s                    0x00000000   Number         0  startup_stm32f103xb.o ABSOLUTE
    RESET                                    0x08000000   Section      236  startup_stm32f103xb.o(RESET)
    .ARM.Collect$$$$00000000                 0x080000ec   Section        0  entry.o(.ARM.Collect$$$$00000000)
    .ARM.Collect$$$$00000001                 0x080000ec   Section        4  entry2.o(.ARM.Collect$$$$00000001)
    .ARM.Collect$$$$00000004                 0x080000f0   Section        4  entry5.o(.ARM.Collect$$$$00000004)
    .ARM.Collect$$$$00000008                 0x080000f4   Section        0  entry7b.o(.ARM.Collect$$$$00000008)
    .ARM.Collect$$$$0000000A                 0x080000f4   Section        0  entry8b.o(.ARM.Collect$$$$0000000A)
    .ARM.Collect$$$$0000000B                 0x080000f4   Section        8  entry9a.o(.ARM.Collect$$$$0000000B)
    .ARM.Collect$$$$0000000D                 0x080000fc   Section        0  entry10a.o(.ARM.Collect$$$$0000000D)
    .ARM.Collect$$$$0000000F                 0x080000fc   Section        0  entry11a.o(.ARM.Collect$$$$0000000F)
    .ARM.Collect$$$$00002712                 0x080000fc   Section        4  entry2.o(.ARM.Collect$$$$00002712)
    __lit__00000000                          0x080000fc   Data           4  entry2.o(.ARM.Collect$$$$00002712)
    .text                                    0x08000100   Section       36  startup_stm32f103xb.o(.text)
    .text                                    0x08000124   Section        0  llushr.o(.text)
    .text                                    0x08000144   Section        0  memseta.o(.text)
    .text                                    0x08000168   Section        0  dadd.o(.text)
    .text                                    0x080002b6   Section        0  dmul.o(.text)
    .text                                    0x0800039a   Section        0  dfltui.o(.text)
    .text                                    0x080003b4   Section       48  cdcmple.o(.text)
    .text                                    0x080003e4   Section       48  cdrcmple.o(.text)
    .text                                    0x08000414   Section        0  uidiv.o(.text)
    .text                                    0x08000440   Section        0  uldiv.o(.text)
    .text                                    0x080004a2   Section        0  llshl.o(.text)
    .text                                    0x080004c0   Section        0  llsshr.o(.text)
    .text                                    0x080004e4   Section        0  depilogue.o(.text)
    .text                                    0x080004e4   Section        0  iusefp.o(.text)
    .text                                    0x0800059e   Section        0  ddiv.o(.text)
    .text                                    0x0800067c   Section        0  dfixul.o(.text)
    .text                                    0x080006ac   Section       36  init.o(.text)
    i.BusFault_Handler                       0x080006d0   Section        0  stm32f1xx_it.o(i.BusFault_Handler)
    i.Coarse_delay_us                        0x080006d4   Section        0  dht11.o(i.Coarse_delay_us)
    i.DHT11                                  0x080006f0   Section        0  dht11.o(i.DHT11)
    i.DHT11_Check                            0x08000740   Section        0  dht11.o(i.DHT11_Check)
    i.DHT11_GPIO_MODE_SET                    0x08000760   Section        0  dht11.o(i.DHT11_GPIO_MODE_SET)
    DHT11_GPIO_MODE_SET                      0x08000761   Thumb Code    42  dht11.o(i.DHT11_GPIO_MODE_SET)
    i.DHT11_READ_BIT                         0x08000790   Section        0  dht11.o(i.DHT11_READ_BIT)
    i.DHT11_READ_BYTE                        0x080007cc   Section        0  dht11.o(i.DHT11_READ_BYTE)
    i.DHT11_READ_DATA                        0x080007ec   Section        0  dht11.o(i.DHT11_READ_DATA)
    i.DHT11_START                            0x080008d0   Section        0  dht11.o(i.DHT11_START)
    i.DS1302_Print_Time                      0x080008f8   Section        0  ds1302.o(i.DS1302_Print_Time)
    i.DS1302_Read_Register                   0x080009c4   Section        0  ds1302.o(i.DS1302_Read_Register)
    i.DS1302_Read_Time                       0x08000aa0   Section        0  ds1302.o(i.DS1302_Read_Time)
    i.DS1302_Set_Time                        0x08000af4   Section        0  ds1302.o(i.DS1302_Set_Time)
    i.DS1302_Single_Byte_Write               0x08000b54   Section        0  ds1302.o(i.DS1302_Single_Byte_Write)
    i.DS1302_Write_Register                  0x08000ba8   Section        0  ds1302.o(i.DS1302_Write_Register)
    i.DebugMon_Handler                       0x08000c00   Section        0  stm32f1xx_it.o(i.DebugMon_Handler)
    i.Error_Handler                          0x08000c02   Section        0  main.o(i.Error_Handler)
    i.FLASH_Program_HalfWord                 0x08000c08   Section        0  stm32f1xx_hal_flash.o(i.FLASH_Program_HalfWord)
    FLASH_Program_HalfWord                   0x08000c09   Thumb Code    20  stm32f1xx_hal_flash.o(i.FLASH_Program_HalfWord)
    i.FLASH_SetErrorCode                     0x08000c24   Section        0  stm32f1xx_hal_flash.o(i.FLASH_SetErrorCode)
    FLASH_SetErrorCode                       0x08000c25   Thumb Code    84  stm32f1xx_hal_flash.o(i.FLASH_SetErrorCode)
    i.FLASH_WaitForLastOperation             0x08000c80   Section        0  stm32f1xx_hal_flash.o(i.FLASH_WaitForLastOperation)
    i.Flash_PageErase                        0x08000cd4   Section        0  stmflash.o(i.Flash_PageErase)
    i.HAL_Delay                              0x08000cf8   Section        0  stm32f1xx_hal.o(i.HAL_Delay)
    i.HAL_FLASH_Lock                         0x08000d1c   Section        0  stm32f1xx_hal_flash.o(i.HAL_FLASH_Lock)
    i.HAL_FLASH_Program                      0x08000d30   Section        0  stm32f1xx_hal_flash.o(i.HAL_FLASH_Program)
    i.HAL_FLASH_Unlock                       0x08000db4   Section        0  stm32f1xx_hal_flash.o(i.HAL_FLASH_Unlock)
    i.HAL_GPIO_Init                          0x08000ddc   Section        0  stm32f1xx_hal_gpio.o(i.HAL_GPIO_Init)
    i.HAL_GPIO_ReadPin                       0x08000fa8   Section        0  stm32f1xx_hal_gpio.o(i.HAL_GPIO_ReadPin)
    i.HAL_GPIO_WritePin                      0x08000fb2   Section        0  stm32f1xx_hal_gpio.o(i.HAL_GPIO_WritePin)
    i.HAL_GetTick                            0x08000fbc   Section        0  stm32f1xx_hal.o(i.HAL_GetTick)
    i.HAL_I2C_Init                           0x08000fc8   Section        0  stm32f1xx_hal_i2c.o(i.HAL_I2C_Init)
    i.HAL_I2C_Mem_Write                      0x08001150   Section        0  stm32f1xx_hal_i2c.o(i.HAL_I2C_Mem_Write)
    i.HAL_I2C_MspInit                        0x08001280   Section        0  i2c.o(i.HAL_I2C_MspInit)
    i.HAL_IncTick                            0x080012dc   Section        0  stm32f1xx_hal.o(i.HAL_IncTick)
    i.HAL_Init                               0x080012ec   Section        0  stm32f1xx_hal.o(i.HAL_Init)
    i.HAL_InitTick                           0x08001310   Section        0  stm32f1xx_hal.o(i.HAL_InitTick)
    i.HAL_MspInit                            0x08001350   Section        0  stm32f1xx_hal_msp.o(i.HAL_MspInit)
    i.HAL_NVIC_EnableIRQ                     0x0800138c   Section        0  stm32f1xx_hal_cortex.o(i.HAL_NVIC_EnableIRQ)
    i.HAL_NVIC_SetPriority                   0x080013a8   Section        0  stm32f1xx_hal_cortex.o(i.HAL_NVIC_SetPriority)
    i.HAL_NVIC_SetPriorityGrouping           0x080013e8   Section        0  stm32f1xx_hal_cortex.o(i.HAL_NVIC_SetPriorityGrouping)
    i.HAL_RCC_ClockConfig                    0x0800140c   Section        0  stm32f1xx_hal_rcc.o(i.HAL_RCC_ClockConfig)
    i.HAL_RCC_GetHCLKFreq                    0x08001544   Section        0  stm32f1xx_hal_rcc.o(i.HAL_RCC_GetHCLKFreq)
    i.HAL_RCC_GetPCLK1Freq                   0x08001550   Section        0  stm32f1xx_hal_rcc.o(i.HAL_RCC_GetPCLK1Freq)
    i.HAL_RCC_GetPCLK2Freq                   0x08001570   Section        0  stm32f1xx_hal_rcc.o(i.HAL_RCC_GetPCLK2Freq)
    i.HAL_RCC_GetSysClockFreq                0x08001590   Section        0  stm32f1xx_hal_rcc.o(i.HAL_RCC_GetSysClockFreq)
    i.HAL_RCC_OscConfig                      0x080015fc   Section        0  stm32f1xx_hal_rcc.o(i.HAL_RCC_OscConfig)
    i.HAL_SYSTICK_Config                     0x08001914   Section        0  stm32f1xx_hal_cortex.o(i.HAL_SYSTICK_Config)
    i.HAL_TIMEx_BreakCallback                0x0800193c   Section        0  stm32f1xx_hal_tim_ex.o(i.HAL_TIMEx_BreakCallback)
    i.HAL_TIMEx_CommutCallback               0x0800193e   Section        0  stm32f1xx_hal_tim_ex.o(i.HAL_TIMEx_CommutCallback)
    i.HAL_TIMEx_MasterConfigSynchronization  0x08001940   Section        0  stm32f1xx_hal_tim_ex.o(i.HAL_TIMEx_MasterConfigSynchronization)
    i.HAL_TIM_Base_Init                      0x080019a8   Section        0  stm32f1xx_hal_tim.o(i.HAL_TIM_Base_Init)
    i.HAL_TIM_Base_MspInit                   0x08001a04   Section        0  tim.o(i.HAL_TIM_Base_MspInit)
    i.HAL_TIM_Base_Start_IT                  0x08001a40   Section        0  stm32f1xx_hal_tim.o(i.HAL_TIM_Base_Start_IT)
    i.HAL_TIM_ConfigClockSource              0x08001a98   Section        0  stm32f1xx_hal_tim.o(i.HAL_TIM_ConfigClockSource)
    i.HAL_TIM_IC_CaptureCallback             0x08001b6e   Section        0  stm32f1xx_hal_tim.o(i.HAL_TIM_IC_CaptureCallback)
    i.HAL_TIM_IRQHandler                     0x08001b70   Section        0  stm32f1xx_hal_tim.o(i.HAL_TIM_IRQHandler)
    i.HAL_TIM_OC_DelayElapsedCallback        0x08001cd6   Section        0  stm32f1xx_hal_tim.o(i.HAL_TIM_OC_DelayElapsedCallback)
    i.HAL_TIM_PWM_PulseFinishedCallback      0x08001cd8   Section        0  stm32f1xx_hal_tim.o(i.HAL_TIM_PWM_PulseFinishedCallback)
    i.HAL_TIM_PeriodElapsedCallback          0x08001cdc   Section        0  tim.o(i.HAL_TIM_PeriodElapsedCallback)
    i.HAL_TIM_TriggerCallback                0x08001cf8   Section        0  stm32f1xx_hal_tim.o(i.HAL_TIM_TriggerCallback)
    i.HAL_UART_Init                          0x08001cfa   Section        0  stm32f1xx_hal_uart.o(i.HAL_UART_Init)
    i.HAL_UART_MspInit                       0x08001d5c   Section        0  usart.o(i.HAL_UART_MspInit)
    i.HAL_UART_Transmit                      0x08001dcc   Section        0  stm32f1xx_hal_uart.o(i.HAL_UART_Transmit)
    i.HardFault_Handler                      0x08001e7c   Section        0  stm32f1xx_it.o(i.HardFault_Handler)
    i.I2C_IsAcknowledgeFailed                0x08001e7e   Section        0  stm32f1xx_hal_i2c.o(i.I2C_IsAcknowledgeFailed)
    I2C_IsAcknowledgeFailed                  0x08001e7f   Thumb Code    46  stm32f1xx_hal_i2c.o(i.I2C_IsAcknowledgeFailed)
    i.I2C_RequestMemoryWrite                 0x08001eac   Section        0  stm32f1xx_hal_i2c.o(i.I2C_RequestMemoryWrite)
    I2C_RequestMemoryWrite                   0x08001ead   Thumb Code   162  stm32f1xx_hal_i2c.o(i.I2C_RequestMemoryWrite)
    i.I2C_WaitOnBTFFlagUntilTimeout          0x08001f54   Section        0  stm32f1xx_hal_i2c.o(i.I2C_WaitOnBTFFlagUntilTimeout)
    I2C_WaitOnBTFFlagUntilTimeout            0x08001f55   Thumb Code    76  stm32f1xx_hal_i2c.o(i.I2C_WaitOnBTFFlagUntilTimeout)
    i.I2C_WaitOnFlagUntilTimeout             0x08001fa0   Section        0  stm32f1xx_hal_i2c.o(i.I2C_WaitOnFlagUntilTimeout)
    I2C_WaitOnFlagUntilTimeout               0x08001fa1   Thumb Code   104  stm32f1xx_hal_i2c.o(i.I2C_WaitOnFlagUntilTimeout)
    i.I2C_WaitOnMasterAddressFlagUntilTimeout 0x08002008   Section        0  stm32f1xx_hal_i2c.o(i.I2C_WaitOnMasterAddressFlagUntilTimeout)
    I2C_WaitOnMasterAddressFlagUntilTimeout  0x08002009   Thumb Code   152  stm32f1xx_hal_i2c.o(i.I2C_WaitOnMasterAddressFlagUntilTimeout)
    i.I2C_WaitOnTXEFlagUntilTimeout          0x080020a0   Section        0  stm32f1xx_hal_i2c.o(i.I2C_WaitOnTXEFlagUntilTimeout)
    I2C_WaitOnTXEFlagUntilTimeout            0x080020a1   Thumb Code    76  stm32f1xx_hal_i2c.o(i.I2C_WaitOnTXEFlagUntilTimeout)
    i.MX_GPIO_Init                           0x080020ec   Section        0  gpio.o(i.MX_GPIO_Init)
    i.MX_I2C1_Init                           0x080021b8   Section        0  i2c.o(i.MX_I2C1_Init)
    i.MX_TIM1_Init                           0x080021f8   Section        0  tim.o(i.MX_TIM1_Init)
    i.MX_USART1_UART_Init                    0x08002264   Section        0  usart.o(i.MX_USART1_UART_Init)
    i.MemManage_Handler                      0x0800229c   Section        0  stm32f1xx_it.o(i.MemManage_Handler)
    i.NMI_Handler                            0x0800229e   Section        0  stm32f1xx_it.o(i.NMI_Handler)
    i.OLED_Clear                             0x080022a0   Section        0  oled.o(i.OLED_Clear)
    i.OLED_Init                              0x080022d4   Section        0  oled.o(i.OLED_Init)
    i.OLED_Set_Pos                           0x080022e4   Section        0  oled.o(i.OLED_Set_Pos)
    i.OLED_ShowCHinese                       0x08002308   Section        0  oled.o(i.OLED_ShowCHinese)
    i.OLED_ShowChar                          0x08002354   Section        0  oled.o(i.OLED_ShowChar)
    i.OLED_ShowNum                           0x080023d8   Section        0  oled.o(i.OLED_ShowNum)
    i.OLED_ShowString                        0x08002442   Section        0  oled.o(i.OLED_ShowString)
    i.OLED_WR_CMD                            0x08002478   Section        0  oled.o(i.OLED_WR_CMD)
    i.OLED_WR_DATA                           0x0800249c   Section        0  oled.o(i.OLED_WR_DATA)
    i.PendSV_Handler                         0x080024c0   Section        0  stm32f1xx_it.o(i.PendSV_Handler)
    i.STMFLASH_Read                          0x080024c2   Section        0  stmflash.o(i.STMFLASH_Read)
    i.STMFLASH_Write                         0x080024dc   Section        0  stmflash.o(i.STMFLASH_Write)
    i.STMFLASH_Write_NoCheck                 0x080025bc   Section        0  stmflash.o(i.STMFLASH_Write_NoCheck)
    i.SVC_Handler                            0x080025e6   Section        0  stm32f1xx_it.o(i.SVC_Handler)
    i.Set_alarm                              0x080025e8   Section        0  ds1302.o(i.Set_alarm)
    i.Set_alarm_time                         0x0800271c   Section        0  ds1302.o(i.Set_alarm_time)
    i.Show_temprature_humydity               0x080027e8   Section        0  dht11.o(i.Show_temprature_humydity)
    i.Show_time                              0x080028dc   Section        0  ds1302.o(i.Show_time)
    i.Sprintf_temprature_humydity            0x080029b8   Section        0  dht11.o(i.Sprintf_temprature_humydity)
    i.Sprintf_time                           0x080029fc   Section        0  ds1302.o(i.Sprintf_time)
    i.SysTick_Handler                        0x08002a80   Section        0  stm32f1xx_it.o(i.SysTick_Handler)
    i.SystemClock_Config                     0x08002a84   Section        0  main.o(i.SystemClock_Config)
    i.SystemInit                             0x08002ae0   Section        0  system_stm32f1xx.o(i.SystemInit)
    i.TIM1_UP_IRQHandler                     0x08002ae4   Section        0  stm32f1xx_it.o(i.TIM1_UP_IRQHandler)
    i.TIM_Base_SetConfig                     0x08002af0   Section        0  stm32f1xx_hal_tim.o(i.TIM_Base_SetConfig)
    i.TIM_ETR_SetConfig                      0x08002b5c   Section        0  stm32f1xx_hal_tim.o(i.TIM_ETR_SetConfig)
    i.TIM_ITRx_SetConfig                     0x08002b70   Section        0  stm32f1xx_hal_tim.o(i.TIM_ITRx_SetConfig)
    TIM_ITRx_SetConfig                       0x08002b71   Thumb Code    16  stm32f1xx_hal_tim.o(i.TIM_ITRx_SetConfig)
    i.TIM_TI1_ConfigInputStage               0x08002b80   Section        0  stm32f1xx_hal_tim.o(i.TIM_TI1_ConfigInputStage)
    TIM_TI1_ConfigInputStage                 0x08002b81   Thumb Code    34  stm32f1xx_hal_tim.o(i.TIM_TI1_ConfigInputStage)
    i.TIM_TI2_ConfigInputStage               0x08002ba2   Section        0  stm32f1xx_hal_tim.o(i.TIM_TI2_ConfigInputStage)
    TIM_TI2_ConfigInputStage                 0x08002ba3   Thumb Code    36  stm32f1xx_hal_tim.o(i.TIM_TI2_ConfigInputStage)
    i.UART_SetConfig                         0x08002bc8   Section        0  stm32f1xx_hal_uart.o(i.UART_SetConfig)
    UART_SetConfig                           0x08002bc9   Thumb Code   178  stm32f1xx_hal_uart.o(i.UART_SetConfig)
    i.UART_WaitOnFlagUntilTimeout            0x08002c80   Section        0  stm32f1xx_hal_uart.o(i.UART_WaitOnFlagUntilTimeout)
    UART_WaitOnFlagUntilTimeout              0x08002c81   Thumb Code    98  stm32f1xx_hal_uart.o(i.UART_WaitOnFlagUntilTimeout)
    i.UsageFault_Handler                     0x08002ce2   Section        0  stm32f1xx_it.o(i.UsageFault_Handler)
    i.WriteCmd                               0x08002ce4   Section        0  oled.o(i.WriteCmd)
    i.__0printf                              0x08002d18   Section        0  printfa.o(i.__0printf)
    i.__0sprintf                             0x08002d38   Section        0  printfa.o(i.__0sprintf)
    i.__NVIC_SetPriority                     0x08002d60   Section        0  stm32f1xx_hal_cortex.o(i.__NVIC_SetPriority)
    __NVIC_SetPriority                       0x08002d61   Thumb Code    32  stm32f1xx_hal_cortex.o(i.__NVIC_SetPriority)
    i.__scatterload_copy                     0x08002d80   Section       14  handlers.o(i.__scatterload_copy)
    i.__scatterload_null                     0x08002d8e   Section        2  handlers.o(i.__scatterload_null)
    i.__scatterload_zeroinit                 0x08002d90   Section       14  handlers.o(i.__scatterload_zeroinit)
    i._fp_digits                             0x08002da0   Section        0  printfa.o(i._fp_digits)
    _fp_digits                               0x08002da1   Thumb Code   366  printfa.o(i._fp_digits)
    i._printf_core                           0x08002f24   Section        0  printfa.o(i._printf_core)
    _printf_core                             0x08002f25   Thumb Code  1744  printfa.o(i._printf_core)
    i._printf_post_padding                   0x08003600   Section        0  printfa.o(i._printf_post_padding)
    _printf_post_padding                     0x08003601   Thumb Code    36  printfa.o(i._printf_post_padding)
    i._printf_pre_padding                    0x08003624   Section        0  printfa.o(i._printf_pre_padding)
    _printf_pre_padding                      0x08003625   Thumb Code    46  printfa.o(i._printf_pre_padding)
    i._sputc                                 0x08003652   Section        0  printfa.o(i._sputc)
    _sputc                                   0x08003653   Thumb Code    10  printfa.o(i._sputc)
    i.fputc                                  0x0800365c   Section        0  usart.o(i.fputc)
    i.key_scan                               0x08003674   Section        0  key.o(i.key_scan)
    i.key_state_response                     0x08003838   Section        0  key.o(i.key_state_response)
    i.main                                   0x080038d0   Section        0  main.o(i.main)
    i.oled_pow                               0x0800396c   Section        0  oled.o(i.oled_pow)
    i.set_humiture                           0x0800397c   Section        0  dht11.o(i.set_humiture)
    i.set_humiture_threshold_value           0x08003aec   Section        0  dht11.o(i.set_humiture_threshold_value)
    i.treatment_tim_one                      0x08003c5c   Section        0  treatment_tim.o(i.treatment_tim_one)
    .constdata                               0x08003d1c   Section     3976  oled.o(.constdata)
    .constdata                               0x08004ca4   Section       16  system_stm32f1xx.o(.constdata)
    .constdata                               0x08004cb4   Section        8  system_stm32f1xx.o(.constdata)
    .data                                    0x20000000   Section       27  oled.o(.data)
    .data                                    0x20000020   Section       56  dht11.o(.data)
    .data                                    0x20000058   Section       65  ds1302.o(.data)
    .data                                    0x20000099   Section        9  key.o(.data)
    .data                                    0x200000a2   Section        1  tim.o(.data)
    .data                                    0x200000a4   Section       12  stm32f1xx_hal.o(.data)
    .data                                    0x200000b0   Section        4  system_stm32f1xx.o(.data)
    .data                                    0x200000b4   Section        4  stdout.o(.data)
    .bss                                     0x200000b8   Section       48  ds1302.o(.bss)
    .bss                                     0x200000e8   Section     1056  stmflash.o(.bss)
    .bss                                     0x20000508   Section       84  i2c.o(.bss)
    .bss                                     0x2000055c   Section       72  tim.o(.bss)
    .bss                                     0x200005a4   Section       68  usart.o(.bss)
    .bss                                     0x200005e8   Section       32  stm32f1xx_hal_flash.o(.bss)
    STACK                                    0x20000608   Section     1024  startup_stm32f103xb.o(STACK)

    Global Symbols

    Symbol Name                              Value     Ov Type        Size  Object(Section)

    BuildAttributes$$THM_ISAv4$P$D$K$B$S$PE$A:L22UL41UL21$X:L11$S22US41US21$IEEE1$IW$USESV6$~STKCKD$USESV7$~SHL$OSPACE$ROPI$EBA8$MICROLIB$REQ8$PRES8$EABIv2 0x00000000   Number         0  anon$$obj.o ABSOLUTE
    __ARM_use_no_argv                        0x00000000   Number         0  main.o ABSOLUTE
    _printf_a                                0x00000000   Number         0  stubs.o ABSOLUTE
    _printf_c                                0x00000000   Number         0  stubs.o ABSOLUTE
    _printf_charcount                        0x00000000   Number         0  stubs.o ABSOLUTE
    _printf_d                                0x00000000   Number         0  stubs.o ABSOLUTE
    _printf_e                                0x00000000   Number         0  stubs.o ABSOLUTE
    _printf_f                                0x00000000   Number         0  stubs.o ABSOLUTE
    _printf_flags                            0x00000000   Number         0  stubs.o ABSOLUTE
    _printf_fp_dec                           0x00000000   Number         0  stubs.o ABSOLUTE
    _printf_fp_hex                           0x00000000   Number         0  stubs.o ABSOLUTE
    _printf_g                                0x00000000   Number         0  stubs.o ABSOLUTE
    _printf_i                                0x00000000   Number         0  stubs.o ABSOLUTE
    _printf_int_dec                          0x00000000   Number         0  stubs.o ABSOLUTE
    _printf_l                                0x00000000   Number         0  stubs.o ABSOLUTE
    _printf_lc                               0x00000000   Number         0  stubs.o ABSOLUTE
    _printf_ll                               0x00000000   Number         0  stubs.o ABSOLUTE
    _printf_lld                              0x00000000   Number         0  stubs.o ABSOLUTE
    _printf_lli                              0x00000000   Number         0  stubs.o ABSOLUTE
    _printf_llo                              0x00000000   Number         0  stubs.o ABSOLUTE
    _printf_llu                              0x00000000   Number         0  stubs.o ABSOLUTE
    _printf_llx                              0x00000000   Number         0  stubs.o ABSOLUTE
    _printf_longlong_dec                     0x00000000   Number         0  stubs.o ABSOLUTE
    _printf_longlong_hex                     0x00000000   Number         0  stubs.o ABSOLUTE
    _printf_longlong_oct                     0x00000000   Number         0  stubs.o ABSOLUTE
    _printf_ls                               0x00000000   Number         0  stubs.o ABSOLUTE
    _printf_mbtowc                           0x00000000   Number         0  stubs.o ABSOLUTE
    _printf_n                                0x00000000   Number         0  stubs.o ABSOLUTE
    _printf_o                                0x00000000   Number         0  stubs.o ABSOLUTE
    _printf_p                                0x00000000   Number         0  stubs.o ABSOLUTE
    _printf_percent                          0x00000000   Number         0  stubs.o ABSOLUTE
    _printf_pre_padding                      0x00000000   Number         0  stubs.o ABSOLUTE
    _printf_return_value                     0x00000000   Number         0  stubs.o ABSOLUTE
    _printf_s                                0x00000000   Number         0  stubs.o ABSOLUTE
    _printf_sizespec                         0x00000000   Number         0  stubs.o ABSOLUTE
    _printf_str                              0x00000000   Number         0  stubs.o ABSOLUTE
    _printf_truncate_signed                  0x00000000   Number         0  stubs.o ABSOLUTE
    _printf_truncate_unsigned                0x00000000   Number         0  stubs.o ABSOLUTE
    _printf_u                                0x00000000   Number         0  stubs.o ABSOLUTE
    _printf_wc                               0x00000000   Number         0  stubs.o ABSOLUTE
    _printf_wctomb                           0x00000000   Number         0  stubs.o ABSOLUTE
    _printf_widthprec                        0x00000000   Number         0  stubs.o ABSOLUTE
    _printf_x                                0x00000000   Number         0  stubs.o ABSOLUTE
    __cpp_initialize__aeabi_                  - Undefined Weak Reference
    __cxa_finalize                            - Undefined Weak Reference
    __decompress                              - Undefined Weak Reference
    _clock_init                               - Undefined Weak Reference
    _microlib_exit                            - Undefined Weak Reference
    __Vectors_Size                           0x000000ec   Number         0  startup_stm32f103xb.o ABSOLUTE
    __Vectors                                0x08000000   Data           4  startup_stm32f103xb.o(RESET)
    __Vectors_End                            0x080000ec   Data           0  startup_stm32f103xb.o(RESET)
    __main                                   0x080000ed   Thumb Code     0  entry.o(.ARM.Collect$$$$00000000)
    _main_stk                                0x080000ed   Thumb Code     0  entry2.o(.ARM.Collect$$$$00000001)
    _main_scatterload                        0x080000f1   Thumb Code     0  entry5.o(.ARM.Collect$$$$00000004)
    __main_after_scatterload                 0x080000f5   Thumb Code     0  entry5.o(.ARM.Collect$$$$00000004)
    _main_clock                              0x080000f5   Thumb Code     0  entry7b.o(.ARM.Collect$$$$00000008)
    _main_cpp_init                           0x080000f5   Thumb Code     0  entry8b.o(.ARM.Collect$$$$0000000A)
    _main_init                               0x080000f5   Thumb Code     0  entry9a.o(.ARM.Collect$$$$0000000B)
    __rt_final_cpp                           0x080000fd   Thumb Code     0  entry10a.o(.ARM.Collect$$$$0000000D)
    __rt_final_exit                          0x080000fd   Thumb Code     0  entry11a.o(.ARM.Collect$$$$0000000F)
    Reset_Handler                            0x08000101   Thumb Code     8  startup_stm32f103xb.o(.text)
    ADC1_2_IRQHandler                        0x0800011b   Thumb Code     0  startup_stm32f103xb.o(.text)
    CAN1_RX1_IRQHandler                      0x0800011b   Thumb Code     0  startup_stm32f103xb.o(.text)
    CAN1_SCE_IRQHandler                      0x0800011b   Thumb Code     0  startup_stm32f103xb.o(.text)
    DMA1_Channel1_IRQHandler                 0x0800011b   Thumb Code     0  startup_stm32f103xb.o(.text)
    DMA1_Channel2_IRQHandler                 0x0800011b   Thumb Code     0  startup_stm32f103xb.o(.text)
    DMA1_Channel3_IRQHandler                 0x0800011b   Thumb Code     0  startup_stm32f103xb.o(.text)
    DMA1_Channel4_IRQHandler                 0x0800011b   Thumb Code     0  startup_stm32f103xb.o(.text)
    DMA1_Channel5_IRQHandler                 0x0800011b   Thumb Code     0  startup_stm32f103xb.o(.text)
    DMA1_Channel6_IRQHandler                 0x0800011b   Thumb Code     0  startup_stm32f103xb.o(.text)
    DMA1_Channel7_IRQHandler                 0x0800011b   Thumb Code     0  startup_stm32f103xb.o(.text)
    EXTI0_IRQHandler                         0x0800011b   Thumb Code     0  startup_stm32f103xb.o(.text)
    EXTI15_10_IRQHandler                     0x0800011b   Thumb Code     0  startup_stm32f103xb.o(.text)
    EXTI1_IRQHandler                         0x0800011b   Thumb Code     0  startup_stm32f103xb.o(.text)
    EXTI2_IRQHandler                         0x0800011b   Thumb Code     0  startup_stm32f103xb.o(.text)
    EXTI3_IRQHandler                         0x0800011b   Thumb Code     0  startup_stm32f103xb.o(.text)
    EXTI4_IRQHandler                         0x0800011b   Thumb Code     0  startup_stm32f103xb.o(.text)
    EXTI9_5_IRQHandler                       0x0800011b   Thumb Code     0  startup_stm32f103xb.o(.text)
    FLASH_IRQHandler                         0x0800011b   Thumb Code     0  startup_stm32f103xb.o(.text)
    I2C1_ER_IRQHandler                       0x0800011b   Thumb Code     0  startup_stm32f103xb.o(.text)
    I2C1_EV_IRQHandler                       0x0800011b   Thumb Code     0  startup_stm32f103xb.o(.text)
    I2C2_ER_IRQHandler                       0x0800011b   Thumb Code     0  startup_stm32f103xb.o(.text)
    I2C2_EV_IRQHandler                       0x0800011b   Thumb Code     0  startup_stm32f103xb.o(.text)
    PVD_IRQHandler                           0x0800011b   Thumb Code     0  startup_stm32f103xb.o(.text)
    RCC_IRQHandler                           0x0800011b   Thumb Code     0  startup_stm32f103xb.o(.text)
    RTC_Alarm_IRQHandler                     0x0800011b   Thumb Code     0  startup_stm32f103xb.o(.text)
    RTC_IRQHandler                           0x0800011b   Thumb Code     0  startup_stm32f103xb.o(.text)
    SPI1_IRQHandler                          0x0800011b   Thumb Code     0  startup_stm32f103xb.o(.text)
    SPI2_IRQHandler                          0x0800011b   Thumb Code     0  startup_stm32f103xb.o(.text)
    TAMPER_IRQHandler                        0x0800011b   Thumb Code     0  startup_stm32f103xb.o(.text)
    TIM1_BRK_IRQHandler                      0x0800011b   Thumb Code     0  startup_stm32f103xb.o(.text)
    TIM1_CC_IRQHandler                       0x0800011b   Thumb Code     0  startup_stm32f103xb.o(.text)
    TIM1_TRG_COM_IRQHandler                  0x0800011b   Thumb Code     0  startup_stm32f103xb.o(.text)
    TIM2_IRQHandler                          0x0800011b   Thumb Code     0  startup_stm32f103xb.o(.text)
    TIM3_IRQHandler                          0x0800011b   Thumb Code     0  startup_stm32f103xb.o(.text)
    TIM4_IRQHandler                          0x0800011b   Thumb Code     0  startup_stm32f103xb.o(.text)
    USART1_IRQHandler                        0x0800011b   Thumb Code     0  startup_stm32f103xb.o(.text)
    USART2_IRQHandler                        0x0800011b   Thumb Code     0  startup_stm32f103xb.o(.text)
    USART3_IRQHandler                        0x0800011b   Thumb Code     0  startup_stm32f103xb.o(.text)
    USBWakeUp_IRQHandler                     0x0800011b   Thumb Code     0  startup_stm32f103xb.o(.text)
    USB_HP_CAN1_TX_IRQHandler                0x0800011b   Thumb Code     0  startup_stm32f103xb.o(.text)
    USB_LP_CAN1_RX0_IRQHandler               0x0800011b   Thumb Code     0  startup_stm32f103xb.o(.text)
    WWDG_IRQHandler                          0x0800011b   Thumb Code     0  startup_stm32f103xb.o(.text)
    __aeabi_llsr                             0x08000125   Thumb Code    32  llushr.o(.text)
    _ll_ushift_r                             0x08000125   Thumb Code     0  llushr.o(.text)
    __aeabi_memset                           0x08000145   Thumb Code    14  memseta.o(.text)
    __aeabi_memset4                          0x08000145   Thumb Code     0  memseta.o(.text)
    __aeabi_memset8                          0x08000145   Thumb Code     0  memseta.o(.text)
    __aeabi_memclr                           0x08000153   Thumb Code     4  memseta.o(.text)
    __aeabi_memclr4                          0x08000153   Thumb Code     0  memseta.o(.text)
    __aeabi_memclr8                          0x08000153   Thumb Code     0  memseta.o(.text)
    _memset$wrapper                          0x08000157   Thumb Code    18  memseta.o(.text)
    __aeabi_dadd                             0x08000169   Thumb Code   322  dadd.o(.text)
    __aeabi_dsub                             0x080002ab   Thumb Code     6  dadd.o(.text)
    __aeabi_drsub                            0x080002b1   Thumb Code     6  dadd.o(.text)
    __aeabi_dmul                             0x080002b7   Thumb Code   228  dmul.o(.text)
    __aeabi_ui2d                             0x0800039b   Thumb Code    26  dfltui.o(.text)
    __aeabi_cdcmpeq                          0x080003b5   Thumb Code     0  cdcmple.o(.text)
    __aeabi_cdcmple                          0x080003b5   Thumb Code    48  cdcmple.o(.text)
    __aeabi_cdrcmple                         0x080003e5   Thumb Code    48  cdrcmple.o(.text)
    __aeabi_uidiv                            0x08000415   Thumb Code     0  uidiv.o(.text)
    __aeabi_uidivmod                         0x08000415   Thumb Code    44  uidiv.o(.text)
    __aeabi_uldivmod                         0x08000441   Thumb Code    98  uldiv.o(.text)
    __aeabi_llsl                             0x080004a3   Thumb Code    30  llshl.o(.text)
    _ll_shift_l                              0x080004a3   Thumb Code     0  llshl.o(.text)
    __aeabi_lasr                             0x080004c1   Thumb Code    36  llsshr.o(.text)
    _ll_sshift_r                             0x080004c1   Thumb Code     0  llsshr.o(.text)
    __I$use$fp                               0x080004e5   Thumb Code     0  iusefp.o(.text)
    _double_round                            0x080004e5   Thumb Code    30  depilogue.o(.text)
    _double_epilogue                         0x08000503   Thumb Code   156  depilogue.o(.text)
    __aeabi_ddiv                             0x0800059f   Thumb Code   222  ddiv.o(.text)
    __aeabi_d2ulz                            0x0800067d   Thumb Code    48  dfixul.o(.text)
    __scatterload                            0x080006ad   Thumb Code    28  init.o(.text)
    __scatterload_rt2                        0x080006ad   Thumb Code     0  init.o(.text)
    BusFault_Handler                         0x080006d1   Thumb Code     2  stm32f1xx_it.o(i.BusFault_Handler)
    Coarse_delay_us                          0x080006d5   Thumb Code    22  dht11.o(i.Coarse_delay_us)
    DHT11                                    0x080006f1   Thumb Code    30  dht11.o(i.DHT11)
    DHT11_Check                              0x08000741   Thumb Code    28  dht11.o(i.DHT11_Check)
    DHT11_READ_BIT                           0x08000791   Thumb Code    54  dht11.o(i.DHT11_READ_BIT)
    DHT11_READ_BYTE                          0x080007cd   Thumb Code    32  dht11.o(i.DHT11_READ_BYTE)
    DHT11_READ_DATA                          0x080007ed   Thumb Code   172  dht11.o(i.DHT11_READ_DATA)
    DHT11_START                              0x080008d1   Thumb Code    36  dht11.o(i.DHT11_START)
    DS1302_Print_Time                        0x080008f9   Thumb Code   170  ds1302.o(i.DS1302_Print_Time)
    DS1302_Read_Register                     0x080009c5   Thumb Code   216  ds1302.o(i.DS1302_Read_Register)
    DS1302_Read_Time                         0x08000aa1   Thumb Code    84  ds1302.o(i.DS1302_Read_Time)
    DS1302_Set_Time                          0x08000af5   Thumb Code    94  ds1302.o(i.DS1302_Set_Time)
    DS1302_Single_Byte_Write                 0x08000b55   Thumb Code    78  ds1302.o(i.DS1302_Single_Byte_Write)
    DS1302_Write_Register                    0x08000ba9   Thumb Code    82  ds1302.o(i.DS1302_Write_Register)
    DebugMon_Handler                         0x08000c01   Thumb Code     2  stm32f1xx_it.o(i.DebugMon_Handler)
    Error_Handler                            0x08000c03   Thumb Code     4  main.o(i.Error_Handler)
    FLASH_WaitForLastOperation               0x08000c81   Thumb Code    80  stm32f1xx_hal_flash.o(i.FLASH_WaitForLastOperation)
    Flash_PageErase                          0x08000cd5   Thumb Code    28  stmflash.o(i.Flash_PageErase)
    HAL_Delay                                0x08000cf9   Thumb Code    32  stm32f1xx_hal.o(i.HAL_Delay)
    HAL_FLASH_Lock                           0x08000d1d   Thumb Code    14  stm32f1xx_hal_flash.o(i.HAL_FLASH_Lock)
    HAL_FLASH_Program                        0x08000d31   Thumb Code   122  stm32f1xx_hal_flash.o(i.HAL_FLASH_Program)
    HAL_FLASH_Unlock                         0x08000db5   Thumb Code    28  stm32f1xx_hal_flash.o(i.HAL_FLASH_Unlock)
    HAL_GPIO_Init                            0x08000ddd   Thumb Code   426  stm32f1xx_hal_gpio.o(i.HAL_GPIO_Init)
    HAL_GPIO_ReadPin                         0x08000fa9   Thumb Code    10  stm32f1xx_hal_gpio.o(i.HAL_GPIO_ReadPin)
    HAL_GPIO_WritePin                        0x08000fb3   Thumb Code    10  stm32f1xx_hal_gpio.o(i.HAL_GPIO_WritePin)
    HAL_GetTick                              0x08000fbd   Thumb Code     6  stm32f1xx_hal.o(i.HAL_GetTick)
    HAL_I2C_Init                             0x08000fc9   Thumb Code   376  stm32f1xx_hal_i2c.o(i.HAL_I2C_Init)
    HAL_I2C_Mem_Write                        0x08001151   Thumb Code   294  stm32f1xx_hal_i2c.o(i.HAL_I2C_Mem_Write)
    HAL_I2C_MspInit                          0x08001281   Thumb Code    80  i2c.o(i.HAL_I2C_MspInit)
    HAL_IncTick                              0x080012dd   Thumb Code    12  stm32f1xx_hal.o(i.HAL_IncTick)
    HAL_Init                                 0x080012ed   Thumb Code    32  stm32f1xx_hal.o(i.HAL_Init)
    HAL_InitTick                             0x08001311   Thumb Code    54  stm32f1xx_hal.o(i.HAL_InitTick)
    HAL_MspInit                              0x08001351   Thumb Code    52  stm32f1xx_hal_msp.o(i.HAL_MspInit)
    HAL_NVIC_EnableIRQ                       0x0800138d   Thumb Code    26  stm32f1xx_hal_cortex.o(i.HAL_NVIC_EnableIRQ)
    HAL_NVIC_SetPriority                     0x080013a9   Thumb Code    60  stm32f1xx_hal_cortex.o(i.HAL_NVIC_SetPriority)
    HAL_NVIC_SetPriorityGrouping             0x080013e9   Thumb Code    26  stm32f1xx_hal_cortex.o(i.HAL_NVIC_SetPriorityGrouping)
    HAL_RCC_ClockConfig                      0x0800140d   Thumb Code   292  stm32f1xx_hal_rcc.o(i.HAL_RCC_ClockConfig)
    HAL_RCC_GetHCLKFreq                      0x08001545   Thumb Code     6  stm32f1xx_hal_rcc.o(i.HAL_RCC_GetHCLKFreq)
    HAL_RCC_GetPCLK1Freq                     0x08001551   Thumb Code    20  stm32f1xx_hal_rcc.o(i.HAL_RCC_GetPCLK1Freq)
    HAL_RCC_GetPCLK2Freq                     0x08001571   Thumb Code    20  stm32f1xx_hal_rcc.o(i.HAL_RCC_GetPCLK2Freq)
    HAL_RCC_GetSysClockFreq                  0x08001591   Thumb Code    74  stm32f1xx_hal_rcc.o(i.HAL_RCC_GetSysClockFreq)
    HAL_RCC_OscConfig                        0x080015fd   Thumb Code   770  stm32f1xx_hal_rcc.o(i.HAL_RCC_OscConfig)
    HAL_SYSTICK_Config                       0x08001915   Thumb Code    40  stm32f1xx_hal_cortex.o(i.HAL_SYSTICK_Config)
    HAL_TIMEx_BreakCallback                  0x0800193d   Thumb Code     2  stm32f1xx_hal_tim_ex.o(i.HAL_TIMEx_BreakCallback)
    HAL_TIMEx_CommutCallback                 0x0800193f   Thumb Code     2  stm32f1xx_hal_tim_ex.o(i.HAL_TIMEx_CommutCallback)
    HAL_TIMEx_MasterConfigSynchronization    0x08001941   Thumb Code    92  stm32f1xx_hal_tim_ex.o(i.HAL_TIMEx_MasterConfigSynchronization)
    HAL_TIM_Base_Init                        0x080019a9   Thumb Code    90  stm32f1xx_hal_tim.o(i.HAL_TIM_Base_Init)
    HAL_TIM_Base_MspInit                     0x08001a05   Thumb Code    50  tim.o(i.HAL_TIM_Base_MspInit)
    HAL_TIM_Base_Start_IT                    0x08001a41   Thumb Code    76  stm32f1xx_hal_tim.o(i.HAL_TIM_Base_Start_IT)
    HAL_TIM_ConfigClockSource                0x08001a99   Thumb Code   214  stm32f1xx_hal_tim.o(i.HAL_TIM_ConfigClockSource)
    HAL_TIM_IC_CaptureCallback               0x08001b6f   Thumb Code     2  stm32f1xx_hal_tim.o(i.HAL_TIM_IC_CaptureCallback)
    HAL_TIM_IRQHandler                       0x08001b71   Thumb Code   358  stm32f1xx_hal_tim.o(i.HAL_TIM_IRQHandler)
    HAL_TIM_OC_DelayElapsedCallback          0x08001cd7   Thumb Code     2  stm32f1xx_hal_tim.o(i.HAL_TIM_OC_DelayElapsedCallback)
    HAL_TIM_PWM_PulseFinishedCallback        0x08001cd9   Thumb Code     2  stm32f1xx_hal_tim.o(i.HAL_TIM_PWM_PulseFinishedCallback)
    HAL_TIM_PeriodElapsedCallback            0x08001cdd   Thumb Code    20  tim.o(i.HAL_TIM_PeriodElapsedCallback)
    HAL_TIM_TriggerCallback                  0x08001cf9   Thumb Code     2  stm32f1xx_hal_tim.o(i.HAL_TIM_TriggerCallback)
    HAL_UART_Init                            0x08001cfb   Thumb Code    98  stm32f1xx_hal_uart.o(i.HAL_UART_Init)
    HAL_UART_MspInit                         0x08001d5d   Thumb Code   100  usart.o(i.HAL_UART_MspInit)
    HAL_UART_Transmit                        0x08001dcd   Thumb Code   176  stm32f1xx_hal_uart.o(i.HAL_UART_Transmit)
    HardFault_Handler                        0x08001e7d   Thumb Code     2  stm32f1xx_it.o(i.HardFault_Handler)
    MX_GPIO_Init                             0x080020ed   Thumb Code   192  gpio.o(i.MX_GPIO_Init)
    MX_I2C1_Init                             0x080021b9   Thumb Code    50  i2c.o(i.MX_I2C1_Init)
    MX_TIM1_Init                             0x080021f9   Thumb Code   100  tim.o(i.MX_TIM1_Init)
    MX_USART1_UART_Init                      0x08002265   Thumb Code    48  usart.o(i.MX_USART1_UART_Init)
    MemManage_Handler                        0x0800229d   Thumb Code     2  stm32f1xx_it.o(i.MemManage_Handler)
    NMI_Handler                              0x0800229f   Thumb Code     2  stm32f1xx_it.o(i.NMI_Handler)
    OLED_Clear                               0x080022a1   Thumb Code    52  oled.o(i.OLED_Clear)
    OLED_Init                                0x080022d5   Thumb Code    16  oled.o(i.OLED_Init)
    OLED_Set_Pos                             0x080022e5   Thumb Code    34  oled.o(i.OLED_Set_Pos)
    OLED_ShowCHinese                         0x08002309   Thumb Code    70  oled.o(i.OLED_ShowCHinese)
    OLED_ShowChar                            0x08002355   Thumb Code   122  oled.o(i.OLED_ShowChar)
    OLED_ShowNum                             0x080023d9   Thumb Code   106  oled.o(i.OLED_ShowNum)
    OLED_ShowString                          0x08002443   Thumb Code    54  oled.o(i.OLED_ShowString)
    OLED_WR_CMD                              0x08002479   Thumb Code    32  oled.o(i.OLED_WR_CMD)
    OLED_WR_DATA                             0x0800249d   Thumb Code    32  oled.o(i.OLED_WR_DATA)
    PendSV_Handler                           0x080024c1   Thumb Code     2  stm32f1xx_it.o(i.PendSV_Handler)
    STMFLASH_Read                            0x080024c3   Thumb Code    24  stmflash.o(i.STMFLASH_Read)
    STMFLASH_Write                           0x080024dd   Thumb Code   214  stmflash.o(i.STMFLASH_Write)
    STMFLASH_Write_NoCheck                   0x080025bd   Thumb Code    42  stmflash.o(i.STMFLASH_Write_NoCheck)
    SVC_Handler                              0x080025e7   Thumb Code     2  stm32f1xx_it.o(i.SVC_Handler)
    Set_alarm                                0x080025e9   Thumb Code   280  ds1302.o(i.Set_alarm)
    Set_alarm_time                           0x0800271d   Thumb Code   184  ds1302.o(i.Set_alarm_time)
    Show_temprature_humydity                 0x080027e9   Thumb Code   228  dht11.o(i.Show_temprature_humydity)
    Show_time                                0x080028dd   Thumb Code   216  ds1302.o(i.Show_time)
    Sprintf_temprature_humydity              0x080029b9   Thumb Code    42  dht11.o(i.Sprintf_temprature_humydity)
    Sprintf_time                             0x080029fd   Thumb Code   112  ds1302.o(i.Sprintf_time)
    SysTick_Handler                          0x08002a81   Thumb Code     4  stm32f1xx_it.o(i.SysTick_Handler)
    SystemClock_Config                       0x08002a85   Thumb Code    92  main.o(i.SystemClock_Config)
    SystemInit                               0x08002ae1   Thumb Code     2  system_stm32f1xx.o(i.SystemInit)
    TIM1_UP_IRQHandler                       0x08002ae5   Thumb Code     6  stm32f1xx_it.o(i.TIM1_UP_IRQHandler)
    TIM_Base_SetConfig                       0x08002af1   Thumb Code    94  stm32f1xx_hal_tim.o(i.TIM_Base_SetConfig)
    TIM_ETR_SetConfig                        0x08002b5d   Thumb Code    20  stm32f1xx_hal_tim.o(i.TIM_ETR_SetConfig)
    UsageFault_Handler                       0x08002ce3   Thumb Code     2  stm32f1xx_it.o(i.UsageFault_Handler)
    WriteCmd                                 0x08002ce5   Thumb Code    42  oled.o(i.WriteCmd)
    __0printf                                0x08002d19   Thumb Code    22  printfa.o(i.__0printf)
    __1printf                                0x08002d19   Thumb Code     0  printfa.o(i.__0printf)
    __2printf                                0x08002d19   Thumb Code     0  printfa.o(i.__0printf)
    __c89printf                              0x08002d19   Thumb Code     0  printfa.o(i.__0printf)
    printf                                   0x08002d19   Thumb Code     0  printfa.o(i.__0printf)
    __0sprintf                               0x08002d39   Thumb Code    34  printfa.o(i.__0sprintf)
    __1sprintf                               0x08002d39   Thumb Code     0  printfa.o(i.__0sprintf)
    __2sprintf                               0x08002d39   Thumb Code     0  printfa.o(i.__0sprintf)
    __c89sprintf                             0x08002d39   Thumb Code     0  printfa.o(i.__0sprintf)
    sprintf                                  0x08002d39   Thumb Code     0  printfa.o(i.__0sprintf)
    __scatterload_copy                       0x08002d81   Thumb Code    14  handlers.o(i.__scatterload_copy)
    __scatterload_null                       0x08002d8f   Thumb Code     2  handlers.o(i.__scatterload_null)
    __scatterload_zeroinit                   0x08002d91   Thumb Code    14  handlers.o(i.__scatterload_zeroinit)
    fputc                                    0x0800365d   Thumb Code    20  usart.o(i.fputc)
    key_scan                                 0x08003675   Thumb Code   442  key.o(i.key_scan)
    key_state_response                       0x08003839   Thumb Code   136  key.o(i.key_state_response)
    main                                     0x080038d1   Thumb Code   140  main.o(i.main)
    oled_pow                                 0x0800396d   Thumb Code    16  oled.o(i.oled_pow)
    set_humiture                             0x0800397d   Thumb Code   342  dht11.o(i.set_humiture)
    set_humiture_threshold_value             0x08003aed   Thumb Code   346  dht11.o(i.set_humiture_threshold_value)
    treatment_tim_one                        0x08003c5d   Thumb Code   160  treatment_tim.o(i.treatment_tim_one)
    F6x8                                     0x08003d1c   Data         552  oled.o(.constdata)
    F8X16                                    0x08003f44   Data        1504  oled.o(.constdata)
    Hzk                                      0x08004524   Data        1920  oled.o(.constdata)
    AHBPrescTable                            0x08004ca4   Data          16  system_stm32f1xx.o(.constdata)
    APBPrescTable                            0x08004cb4   Data           8  system_stm32f1xx.o(.constdata)
    Region$$Table$$Base                      0x08004cbc   Number         0  anon$$obj.o(Region$$Table)
    Region$$Table$$Limit                     0x08004cdc   Number         0  anon$$obj.o(Region$$Table)
    CMD_Data                                 0x20000000   Data          27  oled.o(.data)
    humydi                                   0x20000020   Data           3  dht11.o(.data)
    humydity                                 0x20000024   Data           4  dht11.o(.data)
    last_humydity                            0x20000028   Data           4  dht11.o(.data)
    tempra                                   0x2000002c   Data           4  dht11.o(.data)
    temperature                              0x20000030   Data           8  dht11.o(.data)
    last_temperature                         0x20000038   Data           8  dht11.o(.data)
    humiture_threshold_value                 0x20000040   Data          24  dht11.o(.data)
    wee                                      0x20000058   Data           3  ds1302.o(.data)
    alarm_minute                             0x2000005b   Data           3  ds1302.o(.data)
    alarm_second                             0x2000005e   Data           3  ds1302.o(.data)
    year                                     0x20000064   Data           4  ds1302.o(.data)
    month                                    0x20000068   Data           4  ds1302.o(.data)
    day                                      0x2000006c   Data           4  ds1302.o(.data)
    hour                                     0x20000070   Data           4  ds1302.o(.data)
    minute                                   0x20000074   Data           4  ds1302.o(.data)
    second                                   0x20000078   Data           4  ds1302.o(.data)
    week                                     0x2000007c   Data           4  ds1302.o(.data)
    mont                                     0x20000080   Data           4  ds1302.o(.data)
    dayy                                     0x20000084   Data           4  ds1302.o(.data)
    hou                                      0x20000088   Data           4  ds1302.o(.data)
    minu                                     0x2000008c   Data           4  ds1302.o(.data)
    sec                                      0x20000090   Data           4  ds1302.o(.data)
    yea                                      0x20000094   Data           5  ds1302.o(.data)
    key_state                                0x20000099   Data           1  key.o(.data)
    interface_state                          0x2000009a   Data           1  key.o(.data)
    interface_setalarmOrhumiture_state       0x2000009b   Data           1  key.o(.data)
    increase_state                           0x2000009c   Data           1  key.o(.data)
    decrease_state                           0x2000009d   Data           1  key.o(.data)
    up_down_state                            0x2000009e   Data           1  key.o(.data)
    left_right_state                         0x2000009f   Data           1  key.o(.data)
    save_flash_state                         0x200000a0   Data           1  key.o(.data)
    save_flash_times                         0x200000a1   Data           1  key.o(.data)
    times                                    0x200000a2   Data           1  tim.o(.data)
    uwTickFreq                               0x200000a4   Data           1  stm32f1xx_hal.o(.data)
    uwTickPrio                               0x200000a8   Data           4  stm32f1xx_hal.o(.data)
    uwTick                                   0x200000ac   Data           4  stm32f1xx_hal.o(.data)
    SystemCoreClock                          0x200000b0   Data           4  system_stm32f1xx.o(.data)
    __stdout                                 0x200000b4   Data           4  stdout.o(.data)
    alarm_clock                              0x200000b8   Data          48  ds1302.o(.bss)
    p_Flash                                  0x200000e8   Data          32  stmflash.o(.bss)
    STMFLASH_BUF                             0x20000108   Data        1024  stmflash.o(.bss)
    hi2c1                                    0x20000508   Data          84  i2c.o(.bss)
    htim1                                    0x2000055c   Data          72  tim.o(.bss)
    huart1                                   0x200005a4   Data          68  usart.o(.bss)
    pFlash                                   0x200005e8   Data          32  stm32f1xx_hal_flash.o(.bss)
    __initial_sp                             0x20000a08   Data           0  startup_stm32f103xb.o(STACK)



==============================================================================

Memory Map of the image

  Image Entry point : 0x080000ed

  Load Region LR_IROM1 (Base: 0x08000000, Size: 0x00004d94, Max: 0x00010000, ABSOLUTE)

    Execution Region ER_IROM1 (Exec base: 0x08000000, Load base: 0x08000000, Size: 0x00004cdc, Max: 0x00010000, ABSOLUTE)

    Exec Addr    Load Addr    Size         Type   Attr      Idx    E Section Name        Object

    0x08000000   0x08000000   0x000000ec   Data   RO         3605    RESET               startup_stm32f103xb.o
    0x080000ec   0x080000ec   0x00000000   Code   RO         3648  * .ARM.Collect$$$$00000000  mc_w.l(entry.o)
    0x080000ec   0x080000ec   0x00000004   Code   RO         3926    .ARM.Collect$$$$00000001  mc_w.l(entry2.o)
    0x080000f0   0x080000f0   0x00000004   Code   RO         3929    .ARM.Collect$$$$00000004  mc_w.l(entry5.o)
    0x080000f4   0x080000f4   0x00000000   Code   RO         3931    .ARM.Collect$$$$00000008  mc_w.l(entry7b.o)
    0x080000f4   0x080000f4   0x00000000   Code   RO         3933    .ARM.Collect$$$$0000000A  mc_w.l(entry8b.o)
    0x080000f4   0x080000f4   0x00000008   Code   RO         3934    .ARM.Collect$$$$0000000B  mc_w.l(entry9a.o)
    0x080000fc   0x080000fc   0x00000000   Code   RO         3936    .ARM.Collect$$$$0000000D  mc_w.l(entry10a.o)
    0x080000fc   0x080000fc   0x00000000   Code   RO         3938    .ARM.Collect$$$$0000000F  mc_w.l(entry11a.o)
    0x080000fc   0x080000fc   0x00000004   Code   RO         3927    .ARM.Collect$$$$00002712  mc_w.l(entry2.o)
    0x08000100   0x08000100   0x00000024   Code   RO         3606    .text               startup_stm32f103xb.o
    0x08000124   0x08000124   0x00000020   Code   RO         3651    .text               mc_w.l(llushr.o)
    0x08000144   0x08000144   0x00000024   Code   RO         3653    .text               mc_w.l(memseta.o)
    0x08000168   0x08000168   0x0000014e   Code   RO         3916    .text               mf_w.l(dadd.o)
    0x080002b6   0x080002b6   0x000000e4   Code   RO         3918    .text               mf_w.l(dmul.o)
    0x0800039a   0x0800039a   0x0000001a   Code   RO         3920    .text               mf_w.l(dfltui.o)
    0x080003b4   0x080003b4   0x00000030   Code   RO         3922    .text               mf_w.l(cdcmple.o)
    0x080003e4   0x080003e4   0x00000030   Code   RO         3924    .text               mf_w.l(cdrcmple.o)
    0x08000414   0x08000414   0x0000002c   Code   RO         3941    .text               mc_w.l(uidiv.o)
    0x08000440   0x08000440   0x00000062   Code   RO         3943    .text               mc_w.l(uldiv.o)
    0x080004a2   0x080004a2   0x0000001e   Code   RO         3945    .text               mc_w.l(llshl.o)
    0x080004c0   0x080004c0   0x00000024   Code   RO         3947    .text               mc_w.l(llsshr.o)
    0x080004e4   0x080004e4   0x00000000   Code   RO         3949    .text               mc_w.l(iusefp.o)
    0x080004e4   0x080004e4   0x000000ba   Code   RO         3950    .text               mf_w.l(depilogue.o)
    0x0800059e   0x0800059e   0x000000de   Code   RO         3952    .text               mf_w.l(ddiv.o)
    0x0800067c   0x0800067c   0x00000030   Code   RO         3954    .text               mf_w.l(dfixul.o)
    0x080006ac   0x080006ac   0x00000024   Code   RO         3956    .text               mc_w.l(init.o)
    0x080006d0   0x080006d0   0x00000002   Code   RO          727    i.BusFault_Handler  stm32f1xx_it.o
    0x080006d2   0x080006d2   0x00000002   PAD
    0x080006d4   0x080006d4   0x0000001c   Code   RO          210    i.Coarse_delay_us   dht11.o
    0x080006f0   0x080006f0   0x00000050   Code   RO          211    i.DHT11             dht11.o
    0x08000740   0x08000740   0x00000020   Code   RO          212    i.DHT11_Check       dht11.o
    0x08000760   0x08000760   0x00000030   Code   RO          213    i.DHT11_GPIO_MODE_SET  dht11.o
    0x08000790   0x08000790   0x0000003c   Code   RO          214    i.DHT11_READ_BIT    dht11.o
    0x080007cc   0x080007cc   0x00000020   Code   RO          215    i.DHT11_READ_BYTE   dht11.o
    0x080007ec   0x080007ec   0x000000e4   Code   RO          216    i.DHT11_READ_DATA   dht11.o
    0x080008d0   0x080008d0   0x00000028   Code   RO          217    i.DHT11_START       dht11.o
    0x080008f8   0x080008f8   0x000000cc   Code   RO          309    i.DS1302_Print_Time  ds1302.o
    0x080009c4   0x080009c4   0x000000dc   Code   RO          310    i.DS1302_Read_Register  ds1302.o
    0x08000aa0   0x08000aa0   0x00000054   Code   RO          311    i.DS1302_Read_Time  ds1302.o
    0x08000af4   0x08000af4   0x0000005e   Code   RO          312    i.DS1302_Set_Time   ds1302.o
    0x08000b52   0x08000b52   0x00000002   PAD
    0x08000b54   0x08000b54   0x00000054   Code   RO          313    i.DS1302_Single_Byte_Write  ds1302.o
    0x08000ba8   0x08000ba8   0x00000058   Code   RO          314    i.DS1302_Write_Register  ds1302.o
    0x08000c00   0x08000c00   0x00000002   Code   RO          728    i.DebugMon_Handler  stm32f1xx_it.o
    0x08000c02   0x08000c02   0x00000004   Code   RO          524    i.Error_Handler     main.o
    0x08000c06   0x08000c06   0x00000002   PAD
    0x08000c08   0x08000c08   0x0000001c   Code   RO         2016    i.FLASH_Program_HalfWord  stm32f1xx_hal_flash.o
    0x08000c24   0x08000c24   0x0000005c   Code   RO         2017    i.FLASH_SetErrorCode  stm32f1xx_hal_flash.o
    0x08000c80   0x08000c80   0x00000054   Code   RO         2018    i.FLASH_WaitForLastOperation  stm32f1xx_hal_flash.o
    0x08000cd4   0x08000cd4   0x00000024   Code   RO          398    i.Flash_PageErase   stmflash.o
    0x08000cf8   0x08000cf8   0x00000024   Code   RO         1308    i.HAL_Delay         stm32f1xx_hal.o
    0x08000d1c   0x08000d1c   0x00000014   Code   RO         2022    i.HAL_FLASH_Lock    stm32f1xx_hal_flash.o
    0x08000d30   0x08000d30   0x00000084   Code   RO         2027    i.HAL_FLASH_Program  stm32f1xx_hal_flash.o
    0x08000db4   0x08000db4   0x00000028   Code   RO         2029    i.HAL_FLASH_Unlock  stm32f1xx_hal_flash.o
    0x08000ddc   0x08000ddc   0x000001cc   Code   RO         1616    i.HAL_GPIO_Init     stm32f1xx_hal_gpio.o
    0x08000fa8   0x08000fa8   0x0000000a   Code   RO         1618    i.HAL_GPIO_ReadPin  stm32f1xx_hal_gpio.o
    0x08000fb2   0x08000fb2   0x0000000a   Code   RO         1620    i.HAL_GPIO_WritePin  stm32f1xx_hal_gpio.o
    0x08000fbc   0x08000fbc   0x0000000c   Code   RO         1312    i.HAL_GetTick       stm32f1xx_hal.o
    0x08000fc8   0x08000fc8   0x00000188   Code   RO          880    i.HAL_I2C_Init      stm32f1xx_hal_i2c.o
    0x08001150   0x08001150   0x00000130   Code   RO          901    i.HAL_I2C_Mem_Write  stm32f1xx_hal_i2c.o
    0x08001280   0x08001280   0x0000005c   Code   RO          589    i.HAL_I2C_MspInit   i2c.o
    0x080012dc   0x080012dc   0x00000010   Code   RO         1318    i.HAL_IncTick       stm32f1xx_hal.o
    0x080012ec   0x080012ec   0x00000024   Code   RO         1319    i.HAL_Init          stm32f1xx_hal.o
    0x08001310   0x08001310   0x00000040   Code   RO         1320    i.HAL_InitTick      stm32f1xx_hal.o
    0x08001350   0x08001350   0x0000003c   Code   RO          809    i.HAL_MspInit       stm32f1xx_hal_msp.o
    0x0800138c   0x0800138c   0x0000001a   Code   RO         1776    i.HAL_NVIC_EnableIRQ  stm32f1xx_hal_cortex.o
    0x080013a6   0x080013a6   0x00000002   PAD
    0x080013a8   0x080013a8   0x00000040   Code   RO         1782    i.HAL_NVIC_SetPriority  stm32f1xx_hal_cortex.o
    0x080013e8   0x080013e8   0x00000024   Code   RO         1783    i.HAL_NVIC_SetPriorityGrouping  stm32f1xx_hal_cortex.o
    0x0800140c   0x0800140c   0x00000138   Code   RO         1476    i.HAL_RCC_ClockConfig  stm32f1xx_hal_rcc.o
    0x08001544   0x08001544   0x0000000c   Code   RO         1481    i.HAL_RCC_GetHCLKFreq  stm32f1xx_hal_rcc.o
    0x08001550   0x08001550   0x00000020   Code   RO         1483    i.HAL_RCC_GetPCLK1Freq  stm32f1xx_hal_rcc.o
    0x08001570   0x08001570   0x00000020   Code   RO         1484    i.HAL_RCC_GetPCLK2Freq  stm32f1xx_hal_rcc.o
    0x08001590   0x08001590   0x0000006c   Code   RO         1485    i.HAL_RCC_GetSysClockFreq  stm32f1xx_hal_rcc.o
    0x080015fc   0x080015fc   0x00000318   Code   RO         1488    i.HAL_RCC_OscConfig  stm32f1xx_hal_rcc.o
    0x08001914   0x08001914   0x00000028   Code   RO         1787    i.HAL_SYSTICK_Config  stm32f1xx_hal_cortex.o
    0x0800193c   0x0800193c   0x00000002   Code   RO         2982    i.HAL_TIMEx_BreakCallback  stm32f1xx_hal_tim_ex.o
    0x0800193e   0x0800193e   0x00000002   Code   RO         2983    i.HAL_TIMEx_CommutCallback  stm32f1xx_hal_tim_ex.o
    0x08001940   0x08001940   0x00000068   Code   RO         3001    i.HAL_TIMEx_MasterConfigSynchronization  stm32f1xx_hal_tim_ex.o
    0x080019a8   0x080019a8   0x0000005a   Code   RO         2278    i.HAL_TIM_Base_Init  stm32f1xx_hal_tim.o
    0x08001a02   0x08001a02   0x00000002   PAD
    0x08001a04   0x08001a04   0x0000003c   Code   RO          631    i.HAL_TIM_Base_MspInit  tim.o
    0x08001a40   0x08001a40   0x00000058   Code   RO         2283    i.HAL_TIM_Base_Start_IT  stm32f1xx_hal_tim.o
    0x08001a98   0x08001a98   0x000000d6   Code   RO         2287    i.HAL_TIM_ConfigClockSource  stm32f1xx_hal_tim.o
    0x08001b6e   0x08001b6e   0x00000002   Code   RO         2312    i.HAL_TIM_IC_CaptureCallback  stm32f1xx_hal_tim.o
    0x08001b70   0x08001b70   0x00000166   Code   RO         2326    i.HAL_TIM_IRQHandler  stm32f1xx_hal_tim.o
    0x08001cd6   0x08001cd6   0x00000002   Code   RO         2329    i.HAL_TIM_OC_DelayElapsedCallback  stm32f1xx_hal_tim.o
    0x08001cd8   0x08001cd8   0x00000002   Code   RO         2356    i.HAL_TIM_PWM_PulseFinishedCallback  stm32f1xx_hal_tim.o
    0x08001cda   0x08001cda   0x00000002   PAD
    0x08001cdc   0x08001cdc   0x0000001c   Code   RO          632    i.HAL_TIM_PeriodElapsedCallback  tim.o
    0x08001cf8   0x08001cf8   0x00000002   Code   RO         2369    i.HAL_TIM_TriggerCallback  stm32f1xx_hal_tim.o
    0x08001cfa   0x08001cfa   0x00000062   Code   RO         3278    i.HAL_UART_Init     stm32f1xx_hal_uart.o
    0x08001d5c   0x08001d5c   0x00000070   Code   RO          680    i.HAL_UART_MspInit  usart.o
    0x08001dcc   0x08001dcc   0x000000b0   Code   RO         3286    i.HAL_UART_Transmit  stm32f1xx_hal_uart.o
    0x08001e7c   0x08001e7c   0x00000002   Code   RO          729    i.HardFault_Handler  stm32f1xx_it.o
    0x08001e7e   0x08001e7e   0x0000002e   Code   RO          922    i.I2C_IsAcknowledgeFailed  stm32f1xx_hal_i2c.o
    0x08001eac   0x08001eac   0x000000a8   Code   RO          933    i.I2C_RequestMemoryWrite  stm32f1xx_hal_i2c.o
    0x08001f54   0x08001f54   0x0000004c   Code   RO          937    i.I2C_WaitOnBTFFlagUntilTimeout  stm32f1xx_hal_i2c.o
    0x08001fa0   0x08001fa0   0x00000068   Code   RO          938    i.I2C_WaitOnFlagUntilTimeout  stm32f1xx_hal_i2c.o
    0x08002008   0x08002008   0x00000098   Code   RO          939    i.I2C_WaitOnMasterAddressFlagUntilTimeout  stm32f1xx_hal_i2c.o
    0x080020a0   0x080020a0   0x0000004c   Code   RO          941    i.I2C_WaitOnTXEFlagUntilTimeout  stm32f1xx_hal_i2c.o
    0x080020ec   0x080020ec   0x000000cc   Code   RO          564    i.MX_GPIO_Init      gpio.o
    0x080021b8   0x080021b8   0x00000040   Code   RO          590    i.MX_I2C1_Init      i2c.o
    0x080021f8   0x080021f8   0x0000006c   Code   RO          633    i.MX_TIM1_Init      tim.o
    0x08002264   0x08002264   0x00000038   Code   RO          681    i.MX_USART1_UART_Init  usart.o
    0x0800229c   0x0800229c   0x00000002   Code   RO          730    i.MemManage_Handler  stm32f1xx_it.o
    0x0800229e   0x0800229e   0x00000002   Code   RO          731    i.NMI_Handler       stm32f1xx_it.o
    0x080022a0   0x080022a0   0x00000034   Code   RO            4    i.OLED_Clear        oled.o
    0x080022d4   0x080022d4   0x00000010   Code   RO            7    i.OLED_Init         oled.o
    0x080022e4   0x080022e4   0x00000022   Code   RO            9    i.OLED_Set_Pos      oled.o
    0x08002306   0x08002306   0x00000002   PAD
    0x08002308   0x08002308   0x0000004c   Code   RO           10    i.OLED_ShowCHinese  oled.o
    0x08002354   0x08002354   0x00000084   Code   RO           11    i.OLED_ShowChar     oled.o
    0x080023d8   0x080023d8   0x0000006a   Code   RO           12    i.OLED_ShowNum      oled.o
    0x08002442   0x08002442   0x00000036   Code   RO           13    i.OLED_ShowString   oled.o
    0x08002478   0x08002478   0x00000024   Code   RO           14    i.OLED_WR_CMD       oled.o
    0x0800249c   0x0800249c   0x00000024   Code   RO           15    i.OLED_WR_DATA      oled.o
    0x080024c0   0x080024c0   0x00000002   Code   RO          732    i.PendSV_Handler    stm32f1xx_it.o
    0x080024c2   0x080024c2   0x00000018   Code   RO          399    i.STMFLASH_Read     stmflash.o
    0x080024da   0x080024da   0x00000002   PAD
    0x080024dc   0x080024dc   0x000000e0   Code   RO          401    i.STMFLASH_Write    stmflash.o
    0x080025bc   0x080025bc   0x0000002a   Code   RO          402    i.STMFLASH_Write_NoCheck  stmflash.o
    0x080025e6   0x080025e6   0x00000002   Code   RO          733    i.SVC_Handler       stm32f1xx_it.o
    0x080025e8   0x080025e8   0x00000134   Code   RO          315    i.Set_alarm         ds1302.o
    0x0800271c   0x0800271c   0x000000cc   Code   RO          316    i.Set_alarm_time    ds1302.o
    0x080027e8   0x080027e8   0x000000f4   Code   RO          218    i.Show_temprature_humydity  dht11.o
    0x080028dc   0x080028dc   0x000000dc   Code   RO          317    i.Show_time         ds1302.o
    0x080029b8   0x080029b8   0x00000044   Code   RO          219    i.Sprintf_temprature_humydity  dht11.o
    0x080029fc   0x080029fc   0x00000084   Code   RO          318    i.Sprintf_time      ds1302.o
    0x08002a80   0x08002a80   0x00000004   Code   RO          734    i.SysTick_Handler   stm32f1xx_it.o
    0x08002a84   0x08002a84   0x0000005c   Code   RO          525    i.SystemClock_Config  main.o
    0x08002ae0   0x08002ae0   0x00000002   Code   RO         3614    i.SystemInit        system_stm32f1xx.o
    0x08002ae2   0x08002ae2   0x00000002   PAD
    0x08002ae4   0x08002ae4   0x0000000c   Code   RO          735    i.TIM1_UP_IRQHandler  stm32f1xx_it.o
    0x08002af0   0x08002af0   0x0000006c   Code   RO         2371    i.TIM_Base_SetConfig  stm32f1xx_hal_tim.o
    0x08002b5c   0x08002b5c   0x00000014   Code   RO         2382    i.TIM_ETR_SetConfig  stm32f1xx_hal_tim.o
    0x08002b70   0x08002b70   0x00000010   Code   RO         2383    i.TIM_ITRx_SetConfig  stm32f1xx_hal_tim.o
    0x08002b80   0x08002b80   0x00000022   Code   RO         2389    i.TIM_TI1_ConfigInputStage  stm32f1xx_hal_tim.o
    0x08002ba2   0x08002ba2   0x00000024   Code   RO         2391    i.TIM_TI2_ConfigInputStage  stm32f1xx_hal_tim.o
    0x08002bc6   0x08002bc6   0x00000002   PAD
    0x08002bc8   0x08002bc8   0x000000b8   Code   RO         3304    i.UART_SetConfig    stm32f1xx_hal_uart.o
    0x08002c80   0x08002c80   0x00000062   Code   RO         3307    i.UART_WaitOnFlagUntilTimeout  stm32f1xx_hal_uart.o
    0x08002ce2   0x08002ce2   0x00000002   Code   RO          736    i.UsageFault_Handler  stm32f1xx_it.o
    0x08002ce4   0x08002ce4   0x00000034   Code   RO           16    i.WriteCmd          oled.o
    0x08002d18   0x08002d18   0x00000020   Code   RO         3888    i.__0printf         mc_w.l(printfa.o)
    0x08002d38   0x08002d38   0x00000028   Code   RO         3890    i.__0sprintf        mc_w.l(printfa.o)
    0x08002d60   0x08002d60   0x00000020   Code   RO         1789    i.__NVIC_SetPriority  stm32f1xx_hal_cortex.o
    0x08002d80   0x08002d80   0x0000000e   Code   RO         3960    i.__scatterload_copy  mc_w.l(handlers.o)
    0x08002d8e   0x08002d8e   0x00000002   Code   RO         3961    i.__scatterload_null  mc_w.l(handlers.o)
    0x08002d90   0x08002d90   0x0000000e   Code   RO         3962    i.__scatterload_zeroinit  mc_w.l(handlers.o)
    0x08002d9e   0x08002d9e   0x00000002   PAD
    0x08002da0   0x08002da0   0x00000184   Code   RO         3895    i._fp_digits        mc_w.l(printfa.o)
    0x08002f24   0x08002f24   0x000006dc   Code   RO         3896    i._printf_core      mc_w.l(printfa.o)
    0x08003600   0x08003600   0x00000024   Code   RO         3897    i._printf_post_padding  mc_w.l(printfa.o)
    0x08003624   0x08003624   0x0000002e   Code   RO         3898    i._printf_pre_padding  mc_w.l(printfa.o)
    0x08003652   0x08003652   0x0000000a   Code   RO         3900    i._sputc            mc_w.l(printfa.o)
    0x0800365c   0x0800365c   0x00000018   Code   RO          682    i.fputc             usart.o
    0x08003674   0x08003674   0x000001c4   Code   RO          449    i.key_scan          key.o
    0x08003838   0x08003838   0x00000098   Code   RO          450    i.key_state_response  key.o
    0x080038d0   0x080038d0   0x0000009c   Code   RO          526    i.main              main.o
    0x0800396c   0x0800396c   0x00000010   Code   RO           17    i.oled_pow          oled.o
    0x0800397c   0x0800397c   0x00000170   Code   RO          220    i.set_humiture      dht11.o
    0x08003aec   0x08003aec   0x00000170   Code   RO          221    i.set_humiture_threshold_value  dht11.o
    0x08003c5c   0x08003c5c   0x000000c0   Code   RO          490    i.treatment_tim_one  treatment_tim.o
    0x08003d1c   0x08003d1c   0x00000f88   Data   RO           18    .constdata          oled.o
    0x08004ca4   0x08004ca4   0x00000010   Data   RO         3615    .constdata          system_stm32f1xx.o
    0x08004cb4   0x08004cb4   0x00000008   Data   RO         3616    .constdata          system_stm32f1xx.o
    0x08004cbc   0x08004cbc   0x00000020   Data   RO         3958    Region$$Table       anon$$obj.o


    Execution Region RW_IRAM1 (Exec base: 0x20000000, Load base: 0x08004cdc, Size: 0x00000a08, Max: 0x00005000, ABSOLUTE)

    Exec Addr    Load Addr    Size         Type   Attr      Idx    E Section Name        Object

    0x20000000   0x08004cdc   0x0000001b   Data   RW           19    .data               oled.o
    0x2000001b   0x08004cf7   0x00000005   PAD
    0x20000020   0x08004cfc   0x00000038   Data   RW          222    .data               dht11.o
    0x20000058   0x08004d34   0x00000041   Data   RW          320    .data               ds1302.o
    0x20000099   0x08004d75   0x00000009   Data   RW          451    .data               key.o
    0x200000a2   0x08004d7e   0x00000001   Data   RW          635    .data               tim.o
    0x200000a3   0x08004d7f   0x00000001   PAD
    0x200000a4   0x08004d80   0x0000000c   Data   RW         1326    .data               stm32f1xx_hal.o
    0x200000b0   0x08004d8c   0x00000004   Data   RW         3617    .data               system_stm32f1xx.o
    0x200000b4   0x08004d90   0x00000004   Data   RW         3940    .data               mc_w.l(stdout.o)
    0x200000b8        -       0x00000030   Zero   RW          319    .bss                ds1302.o
    0x200000e8        -       0x00000420   Zero   RW          403    .bss                stmflash.o
    0x20000508        -       0x00000054   Zero   RW          591    .bss                i2c.o
    0x2000055c        -       0x00000048   Zero   RW          634    .bss                tim.o
    0x200005a4        -       0x00000044   Zero   RW          683    .bss                usart.o
    0x200005e8        -       0x00000020   Zero   RW         2030    .bss                stm32f1xx_hal_flash.o
    0x20000608        -       0x00000400   Zero   RW         3603    STACK               startup_stm32f103xb.o


==============================================================================

Image component sizes


      Code (inc. data)   RO Data    RW Data    ZI Data      Debug   Object Name

      1596        222          0         56          0       8917   dht11.o
      1638        122          0         65         48       8864   ds1302.o
       204         12          0          0          0        959   gpio.o
       156         26          0          0         84       1569   i2c.o
       604         26          0          9          0       2074   key.o
       252         16          0          0          0       2225   main.o
       610         34       3976         27          0     442263   oled.o
        36          8        236          0       1024        756   startup_stm32f103xb.o
       164         28          0         12          0       5781   stm32f1xx_hal.o
       198         14          0          0          0      28843   stm32f1xx_hal_cortex.o
       396         48          0          0         32       4622   stm32f1xx_hal_flash.o
       480         34          0          0          0       3411   stm32f1xx_hal_gpio.o
      1318         32          0          0          0       9063   stm32f1xx_hal_i2c.o
        60          8          0          0          0        850   stm32f1xx_hal_msp.o
      1288        106          0          0          0       5680   stm32f1xx_hal_rcc.o
       972         26          0          0          0       9685   stm32f1xx_hal_tim.o
       108         12          0          0          0       2393   stm32f1xx_hal_tim_ex.o
       556          6          0          0          0       3868   stm32f1xx_hal_uart.o
        32          6          0          0          0       4155   stm32f1xx_it.o
       326         18          0          0       1056       3445   stmflash.o
         2          0         24          4          0       1071   system_stm32f1xx.o
       196         26          0          1         72       2116   tim.o
       192         32          0          0          0        732   treatment_tim.o
       192         24          0          0         68       2178   usart.o

    ----------------------------------------------------------------------
     11596        886       4268        180       2384     555520   Object Totals
         0          0         32          0          0          0   (incl. Generated)
        20          0          0          6          0          0   (incl. Padding)

    ----------------------------------------------------------------------

      Code (inc. data)   RO Data    RW Data    ZI Data      Debug   Library Member Name

         0          0          0          0          0          0   entry.o
         0          0          0          0          0          0   entry10a.o
         0          0          0          0          0          0   entry11a.o
         8          4          0          0          0          0   entry2.o
         4          0          0          0          0          0   entry5.o
         0          0          0          0          0          0   entry7b.o
         0          0          0          0          0          0   entry8b.o
         8          4          0          0          0          0   entry9a.o
        30          0          0          0          0          0   handlers.o
        36          8          0          0          0         68   init.o
         0          0          0          0          0          0   iusefp.o
        30          0          0          0          0         68   llshl.o
        36          0          0          0          0         68   llsshr.o
        32          0          0          0          0         68   llushr.o
        36          0          0          0          0        108   memseta.o
      2308         96          0          0          0        604   printfa.o
         0          0          0          4          0          0   stdout.o
        44          0          0          0          0         80   uidiv.o
        98          0          0          0          0         92   uldiv.o
        48          0          0          0          0         68   cdcmple.o
        48          0          0          0          0         68   cdrcmple.o
       334          0          0          0          0        148   dadd.o
       222          0          0          0          0        100   ddiv.o
       186          0          0          0          0        176   depilogue.o
        48          0          0          0          0         68   dfixul.o
        26          0          0          0          0         76   dfltui.o
       228          0          0          0          0         96   dmul.o

    ----------------------------------------------------------------------
      3812        112          0          4          0       1956   Library Totals
         2          0          0          0          0          0   (incl. Padding)

    ----------------------------------------------------------------------

      Code (inc. data)   RO Data    RW Data    ZI Data      Debug   Library Name

      2670        112          0          4          0       1156   mc_w.l
      1140          0          0          0          0        800   mf_w.l

    ----------------------------------------------------------------------
      3812        112          0          4          0       1956   Library Totals

    ----------------------------------------------------------------------

==============================================================================


      Code (inc. data)   RO Data    RW Data    ZI Data      Debug   

     15408        998       4268        184       2384     550764   Grand Totals
     15408        998       4268        184       2384     550764   ELF Image Totals
     15408        998       4268        184          0          0   ROM Totals

==============================================================================

    Total RO  Size (Code + RO Data)                19676 (  19.21kB)
    Total RW  Size (RW Data + ZI Data)              2568 (   2.51kB)
    Total ROM Size (Code + RO Data + RW Data)      19860 (  19.39kB)

==============================================================================

